Archive member included to satisfy reference by file (symbol)

C:/ARM/133167~1.3RE/bin/../lib/gcc/arm-none-eabi/13.3.1/thumb/v6-m/nofp\libgcc.a(_dvmd_tls.o)
                              CMakeFiles/proyecto-pico.dir/C_/pico/pico-sdk/src/rp2_common/pico_divider/divider_hardware.S.obj (__aeabi_idiv0)
C:/ARM/133167~1.3RE/bin/../lib/gcc/arm-none-eabi/13.3.1/thumb/v6-m/nofp\libg.a(libc_a-calloc.o)
                              CMakeFiles/proyecto-pico.dir/C_/pico/pico-sdk/src/rp2_common/pico_malloc/malloc.c.obj (calloc)
C:/ARM/133167~1.3RE/bin/../lib/gcc/arm-none-eabi/13.3.1/thumb/v6-m/nofp\libg.a(libc_a-callocr.o)
                              C:/ARM/133167~1.3RE/bin/../lib/gcc/arm-none-eabi/13.3.1/thumb/v6-m/nofp\libg.a(libc_a-calloc.o) (_calloc_r)
C:/ARM/133167~1.3RE/bin/../lib/gcc/arm-none-eabi/13.3.1/thumb/v6-m/nofp\libg.a(libc_a-malloc.o)
                              CMakeFiles/proyecto-pico.dir/C_/pico/pico-sdk/src/rp2_common/pico_malloc/malloc.c.obj (malloc)
C:/ARM/133167~1.3RE/bin/../lib/gcc/arm-none-eabi/13.3.1/thumb/v6-m/nofp\libg.a(libc_a-mallocr.o)
                              C:/ARM/133167~1.3RE/bin/../lib/gcc/arm-none-eabi/13.3.1/thumb/v6-m/nofp\libg.a(libc_a-callocr.o) (_malloc_r)
C:/ARM/133167~1.3RE/bin/../lib/gcc/arm-none-eabi/13.3.1/thumb/v6-m/nofp\libg.a(libc_a-mlock.o)
                              C:/ARM/133167~1.3RE/bin/../lib/gcc/arm-none-eabi/13.3.1/thumb/v6-m/nofp\libg.a(libc_a-mallocr.o) (__malloc_lock)
C:/ARM/133167~1.3RE/bin/../lib/gcc/arm-none-eabi/13.3.1/thumb/v6-m/nofp\libg.a(libc_a-realloc.o)
                              CMakeFiles/proyecto-pico.dir/C_/pico/pico-sdk/src/rp2_common/pico_malloc/malloc.c.obj (realloc)
C:/ARM/133167~1.3RE/bin/../lib/gcc/arm-none-eabi/13.3.1/thumb/v6-m/nofp\libg.a(libc_a-reallocr.o)
                              C:/ARM/133167~1.3RE/bin/../lib/gcc/arm-none-eabi/13.3.1/thumb/v6-m/nofp\libg.a(libc_a-realloc.o) (_realloc_r)
C:/ARM/133167~1.3RE/bin/../lib/gcc/arm-none-eabi/13.3.1/thumb/v6-m/nofp\libg.a(libc_a-memcmp.o)
                              CMakeFiles/proyecto-pico.dir/C_/pico/pico-sdk/src/rp2_common/pico_atomic/atomic.c.obj (memcmp)
C:/ARM/133167~1.3RE/bin/../lib/gcc/arm-none-eabi/13.3.1/thumb/v6-m/nofp\libg.a(libc_a-memmove.o)
                              C:/ARM/133167~1.3RE/bin/../lib/gcc/arm-none-eabi/13.3.1/thumb/v6-m/nofp\libg.a(libc_a-reallocr.o) (memmove)
C:/ARM/133167~1.3RE/bin/../lib/gcc/arm-none-eabi/13.3.1/thumb/v6-m/nofp\libg.a(libc_a-lcltime_r.o)
                              CMakeFiles/proyecto-pico.dir/C_/pico/pico-sdk/src/common/pico_util/datetime.c.obj (localtime_r)
C:/ARM/133167~1.3RE/bin/../lib/gcc/arm-none-eabi/13.3.1/thumb/v6-m/nofp\libg.a(libc_a-mktime.o)
                              CMakeFiles/proyecto-pico.dir/C_/pico/pico-sdk/src/common/pico_util/datetime.c.obj (mktime)
C:/ARM/133167~1.3RE/bin/../lib/gcc/arm-none-eabi/13.3.1/thumb/v6-m/nofp\libg.a(libc_a-month_lengths.o)
                              C:/ARM/133167~1.3RE/bin/../lib/gcc/arm-none-eabi/13.3.1/thumb/v6-m/nofp\libg.a(libc_a-lcltime_r.o) (__month_lengths)
C:/ARM/133167~1.3RE/bin/../lib/gcc/arm-none-eabi/13.3.1/thumb/v6-m/nofp\libg.a(libc_a-tzcalc_limits.o)
                              C:/ARM/133167~1.3RE/bin/../lib/gcc/arm-none-eabi/13.3.1/thumb/v6-m/nofp\libg.a(libc_a-lcltime_r.o) (__tzcalc_limits)
C:/ARM/133167~1.3RE/bin/../lib/gcc/arm-none-eabi/13.3.1/thumb/v6-m/nofp\libg.a(libc_a-tzlock.o)
                              C:/ARM/133167~1.3RE/bin/../lib/gcc/arm-none-eabi/13.3.1/thumb/v6-m/nofp\libg.a(libc_a-lcltime_r.o) (__tz_lock)
C:/ARM/133167~1.3RE/bin/../lib/gcc/arm-none-eabi/13.3.1/thumb/v6-m/nofp\libg.a(libc_a-tzset.o)
                              C:/ARM/133167~1.3RE/bin/../lib/gcc/arm-none-eabi/13.3.1/thumb/v6-m/nofp\libg.a(libc_a-lcltime_r.o) (_tzset_unlocked)
C:/ARM/133167~1.3RE/bin/../lib/gcc/arm-none-eabi/13.3.1/thumb/v6-m/nofp\libg.a(libc_a-tzset_r.o)
                              C:/ARM/133167~1.3RE/bin/../lib/gcc/arm-none-eabi/13.3.1/thumb/v6-m/nofp\libg.a(libc_a-tzset.o) (_tzset_unlocked_r)
C:/ARM/133167~1.3RE/bin/../lib/gcc/arm-none-eabi/13.3.1/thumb/v6-m/nofp\libg.a(libc_a-tzvars.o)
                              C:/ARM/133167~1.3RE/bin/../lib/gcc/arm-none-eabi/13.3.1/thumb/v6-m/nofp\libg.a(libc_a-tzset_r.o) (_timezone)
C:/ARM/133167~1.3RE/bin/../lib/gcc/arm-none-eabi/13.3.1/thumb/v6-m/nofp\libg.a(libc_a-impure.o)
                              C:/ARM/133167~1.3RE/bin/../lib/gcc/arm-none-eabi/13.3.1/thumb/v6-m/nofp\libg.a(libc_a-calloc.o) (_impure_ptr)
C:/ARM/133167~1.3RE/bin/../lib/gcc/arm-none-eabi/13.3.1/thumb/v6-m/nofp\libg.a(libc_a-sbrkr.o)
                              C:/ARM/133167~1.3RE/bin/../lib/gcc/arm-none-eabi/13.3.1/thumb/v6-m/nofp\libg.a(libc_a-mallocr.o) (_sbrk_r)
C:/ARM/133167~1.3RE/bin/../lib/gcc/arm-none-eabi/13.3.1/thumb/v6-m/nofp\libg.a(libc_a-errno.o)
                              C:/ARM/133167~1.3RE/bin/../lib/gcc/arm-none-eabi/13.3.1/thumb/v6-m/nofp\libg.a(libc_a-callocr.o) (__errno)
[...]
Memory Configuration

Name             Origin             Length             Attributes
FLASH            0x10000000         0x00200000         xr
RAM              0x20000000         0x00040000         xrw
SCRATCH_X        0x20040000         0x00001000         xrw
SCRATCH_Y        0x20041000         0x00001000         xrw
*default*        0x00000000         0xffffffff

Linker script and memory map

LOAD C:/ARM/133167~1.3RE/bin/../lib/gcc/arm-none-eabi/13.3.1/thumb/v6-m/nofp/crti.o
LOAD C:/ARM/133167~1.3RE/bin/../lib/gcc/arm-none-eabi/13.3.1/thumb/v6-m/nofp/crtbegin.o
LOAD C:/ARM/133167~1.3RE/bin/../lib/gcc/arm-none-eabi/13.3.1/thumb/v6-m/nofp/crt0.o

.flash_begin    0x10000000        0x0
                0x10000000                        __flash_binary_start = .

.boot2          0x10000000      0x100
                0x10000000                        __boot2_start__ = .
 *(.boot2)
 .boot2         0x10000000      0x100 C:\Users\yaelr\AppData\Local\Temp\ccyHqfBk.o
                0x10000100                        __boot2_end__ = .
                0x00000001                        ASSERT (((__boot2_end__ - __boot2_start__) == 0x100), ERROR: Pico second stage bootloader must be 256 bytes in size)

.text           0x10000100     0x49e4
                0x10000100                        __logical_binary_start = .
 *(.vectors)
 .vectors       0x10000100       0xd4 CMakeFiles/proyecto-pico.dir/C_/pico/pico-sdk/src/rp2_common/pico_crt0/crt0.S.obj
                0x10000100                __VECTOR_TABLE
                0x10000100                __vectors
                0x100001c0                isr_invalid
                0x100001c0                __default_isrs_start
                0x100001c2                isr_nmi
                0x100001c4                isr_hardfault
                0x100001c6                isr_svcall
                0x100001c8                isr_pendsv
                0x100001ca                isr_systick
                0x100001cc                isr_irq23
                0x100001cc                isr_irq18
                0x100001cc                isr_irq11
                0x100001cc                isr_irq28
                0x100001cc                isr_irq19
                0x100001cc                isr_irq0
                0x100001cc                isr_irq6
                0x100001cc                isr_irq5
                0x100001cc                isr_irq12
                0x100001cc                isr_irq22
                0x100001cc                isr_irq31
                0x100001cc                isr_irq17
                0x100001cc                isr_irq27
                0x100001cc                isr_irq30
                0x100001cc                isr_irq2
                0x100001cc                isr_irq10
                0x100001cc                isr_irq8
                0x100001cc                isr_irq24
                0x100001cc                isr_irq1
                0x100001cc                isr_irq7
                0x100001cc                isr_irq21
                0x100001cc                isr_irq20
                0x100001cc                isr_irq15
                0x100001cc                isr_irq25
                0x100001cc                isr_irq13
                0x100001cc                __unhandled_user_irq
                0x100001cc                isr_irq4
                0x100001cc                isr_irq16
                0x100001cc                isr_irq29
                0x100001cc                isr_irq26
                0x100001cc                __default_isrs_end
                0x100001cc                isr_irq3
                0x100001cc                isr_irq14
                0x100001cc                isr_irq9
                0x100001d2                unhandled_user_irq_num_in_r0
 *(.binary_info_header)
 .binary_info_header
                0x100001d4       0x14 CMakeFiles/proyecto-pico.dir/C_/pico/pico-sdk/src/rp2_common/pico_crt0/crt0.S.obj
                0x100001e8                        __binary_info_header_end = .
 *(.embedded_block)
                0x100001e8                        __embedded_block_end = .
 *(.reset)
 .reset         0x100001e8       0x9c CMakeFiles/proyecto-pico.dir/C_/pico/pico-sdk/src/rp2_common/pico_crt0/crt0.S.obj
                0x100001e8                _entry_point
 *(.init)
 .init          0x10000284        0x4 C:/ARM/133167~1.3RE/bin/../lib/gcc/arm-none-eabi/13.3.1/thumb/v6-m/nofp/crti.o
                0x10000284                _init
 *(EXCLUDE_FILE(*libm.a: *libc.a:*lib_a-mem*.o *libgcc.a:) .text*)
 .text.register_tm_clones
                0x10000288       0x28 C:/ARM/133167~1.3RE/bin/../lib/gcc/arm-none-eabi/13.3.1/thumb/v6-m/nofp/crtbegin.o
 .text.frame_dummy
                0x100002b0       0x24 C:/ARM/133167~1.3RE/bin/../lib/gcc/arm-none-eabi/13.3.1/thumb/v6-m/nofp/crtbegin.o
 .text.startup.main
                0x100002d4       0x44 CMakeFiles/proyecto-pico.dir/src/main.c.obj
                0x100002d4                main
 .text.init_i2c
                0x10000318       0x38 CMakeFiles/proyecto-pico.dir/src/oled.c.obj
                0x10000318                init_i2c
 .text.oled_init
                0x10000350      0x25c CMakeFiles/proyecto-pico.dir/src/oled.c.obj
                0x10000350                oled_init
 .text.oled_clear
                0x100005ac       0x14 CMakeFiles/proyecto-pico.dir/src/oled.c.obj
                0x100005ac                oled_clear
 .text.oled_display
                0x100005c0       0xa4 CMakeFiles/proyecto-pico.dir/src/oled.c.obj
                0x100005c0                oled_display
 .text.oled_show_message
                0x10000664      0x1f0 CMakeFiles/proyecto-pico.dir/src/oled.c.obj
                0x10000664                oled_show_message
 .text.gpio_set_function
                0x10000854       0x34 CMakeFiles/proyecto-pico.dir/C_/pico/pico-sdk/src/rp2_common/hardware_gpio/gpio.c.obj
                0x10000854                gpio_set_function
 .text.gpio_set_pulls
                0x10000888       0x28 CMakeFiles/proyecto-pico.dir/C_/pico/pico-sdk/src/rp2_common/hardware_gpio/gpio.c.obj
                0x10000888                gpio_set_pulls
 .text.rp2040_chip_version
                0x100008b0        0xc CMakeFiles/proyecto-pico.dir/C_/pico/pico-sdk/src/rp2040/pico_platform/platform.c.obj
                0x100008b0                rp2040_chip_version
 .text.panic    0x100008bc       0x30 CMakeFiles/proyecto-pico.dir/C_/pico/pico-sdk/src/rp2_common/pico_platform_panic/panic.c.obj
                0x100008bc                panic
 .text.hw_claim_or_assert
                0x100008ec       0x44 CMakeFiles/proyecto-pico.dir/C_/pico/pico-sdk/src/common/hardware_claim/claim.c.obj
                0x100008ec                hw_claim_or_assert
 .text.hw_claim_unused_from_range
                0x10000930       0x9c CMakeFiles/proyecto-pico.dir/C_/pico/pico-sdk/src/common/hardware_claim/claim.c.obj
                0x10000930                hw_claim_unused_from_range
 .text.next_striped_spin_lock_num
                0x100009cc       0x18 CMakeFiles/proyecto-pico.dir/C_/pico/pico-sdk/src/rp2_common/hardware_sync/sync.c.obj
                0x100009cc                next_striped_spin_lock_num
 .text.spin_lock_claim_unused
                0x100009e4       0x24 CMakeFiles/proyecto-pico.dir/C_/pico/pico-sdk/src/rp2_common/hardware_sync/sync.c.obj
                0x100009e4                spin_lock_claim_unused
 .text.spin_locks_reset
                0x10000a08       0x1c CMakeFiles/proyecto-pico.dir/C_/pico/pico-sdk/src/rp2_common/hardware_sync_spin_lock/sync_spin_lock.c.obj
                0x10000a08                spin_locks_reset
 .text.runtime_init_per_core_irq_priorities
                0x10000a24       0x24 CMakeFiles/proyecto-pico.dir/C_/pico/pico-sdk/src/rp2_common/hardware_irq/irq.c.obj
                0x10000a24                runtime_init_per_core_irq_priorities
 .text.irq_set_enabled
                0x10000a48       0x24 CMakeFiles/proyecto-pico.dir/C_/pico/pico-sdk/src/rp2_common/hardware_irq/irq.c.obj
                0x10000a48                irq_set_enabled
 .text.irq_is_enabled
                0x10000a6c       0x18 CMakeFiles/proyecto-pico.dir/C_/pico/pico-sdk/src/rp2_common/hardware_irq/irq.c.obj
                0x10000a6c                irq_is_enabled
 .text.irq_set_pending
                0x10000a84       0x10 CMakeFiles/proyecto-pico.dir/C_/pico/pico-sdk/src/rp2_common/hardware_irq/irq.c.obj
                0x10000a84                irq_set_pending
 .text.irq_has_shared_handler
                0x10000a94       0x2c CMakeFiles/proyecto-pico.dir/C_/pico/pico-sdk/src/rp2_common/hardware_irq/irq.c.obj
                0x10000a94                irq_has_shared_handler
 .text.irq_set_exclusive_handler
                0x10000ac0       0x54 CMakeFiles/proyecto-pico.dir/C_/pico/pico-sdk/src/rp2_common/hardware_irq/irq.c.obj
                0x10000ac0                irq_set_exclusive_handler
 .text.irq_add_shared_handler
                0x10000b14      0x1f4 CMakeFiles/proyecto-pico.dir/C_/pico/pico-sdk/src/rp2_common/hardware_irq/irq.c.obj
                0x10000b14                irq_add_shared_handler
 .text.irq_add_tail_to_free_list
                0x10000d08       0xb4 CMakeFiles/proyecto-pico.dir/C_/pico/pico-sdk/src/rp2_common/hardware_irq/irq.c.obj
                0x10000d08                irq_add_tail_to_free_list
 .text.user_irq_claim_unused
                0x10000dbc       0x2c CMakeFiles/proyecto-pico.dir/C_/pico/pico-sdk/src/rp2_common/hardware_irq/irq.c.obj
                0x10000dbc                user_irq_claim_unused
 .text.lock_init
                0x10000de8       0x10 CMakeFiles/proyecto-pico.dir/C_/pico/pico-sdk/src/common/pico_sync/lock_core.c.obj
                0x10000de8                lock_init
 .text.runtime_init_mutex
                0x10000df8       0x50 CMakeFiles/proyecto-pico.dir/C_/pico/pico-sdk/src/common/pico_sync/mutex.c.obj
                0x10000df8                runtime_init_mutex
 .text.mutex_init
                0x10000e48       0x1c CMakeFiles/proyecto-pico.dir/C_/pico/pico-sdk/src/common/pico_sync/mutex.c.obj
                0x10000e48                mutex_init
 .text.critical_section_init
                0x10000e64       0x1c CMakeFiles/proyecto-pico.dir/C_/pico/pico-sdk/src/common/pico_sync/critical_section.c.obj
                0x10000e64                critical_section_init
 .text.critical_section_init_with_lock_num
                0x10000e80       0x14 CMakeFiles/proyecto-pico.dir/C_/pico/pico-sdk/src/common/pico_sync/critical_section.c.obj
                0x10000e80                critical_section_init_with_lock_num
 .text.sleep_until_callback
                0x10000e94       0x30 CMakeFiles/proyecto-pico.dir/C_/pico/pico-sdk/src/common/pico_time/time.c.obj
 .text.alarm_pool_irq_handler
                0x10000ec4      0x2e4 CMakeFiles/proyecto-pico.dir/C_/pico/pico-sdk/src/common/pico_time/time.c.obj
 .text.runtime_init_default_alarm_pool
                0x100011a8       0xdc CMakeFiles/proyecto-pico.dir/C_/pico/pico-sdk/src/common/pico_time/time.c.obj
                0x100011a8                runtime_init_default_alarm_pool
 .text.alarm_pool_get_default
                0x10001284        0x8 CMakeFiles/proyecto-pico.dir/C_/pico/pico-sdk/src/common/pico_time/time.c.obj
                0x10001284                alarm_pool_get_default
 .text.alarm_pool_add_alarm_at
                0x1000128c       0xd4 CMakeFiles/proyecto-pico.dir/C_/pico/pico-sdk/src/common/pico_time/time.c.obj
                0x1000128c                alarm_pool_add_alarm_at
 .text.alarm_pool_add_alarm_at_force_in_context
                0x10001360       0xb0 CMakeFiles/proyecto-pico.dir/C_/pico/pico-sdk/src/common/pico_time/time.c.obj
                0x10001360                alarm_pool_add_alarm_at_force_in_context
 .text.alarm_pool_cancel_alarm
                0x10001410       0x74 CMakeFiles/proyecto-pico.dir/C_/pico/pico-sdk/src/common/pico_time/time.c.obj
                0x10001410                alarm_pool_cancel_alarm
 .text.alarm_pool_core_num
                0x10001484        0x4 CMakeFiles/proyecto-pico.dir/C_/pico/pico-sdk/src/common/pico_time/time.c.obj
                0x10001484                alarm_pool_core_num
 .text.sleep_until
                0x10001488       0xd8 CMakeFiles/proyecto-pico.dir/C_/pico/pico-sdk/src/common/pico_time/time.c.obj
                0x10001488                sleep_until
 .text.sleep_ms
                0x10001560       0x38 CMakeFiles/proyecto-pico.dir/C_/pico/pico-sdk/src/common/pico_time/time.c.obj
                0x10001560                sleep_ms
 .text.best_effort_wfe_or_timeout
                0x10001598      0x134 CMakeFiles/proyecto-pico.dir/C_/pico/pico-sdk/src/common/pico_time/time.c.obj
                0x10001598                best_effort_wfe_or_timeout
 .text.timer_hardware_alarm_claim
                0x100016cc       0x14 CMakeFiles/proyecto-pico.dir/C_/pico/pico-sdk/src/rp2_common/hardware_timer/timer.c.obj
                0x100016cc                timer_hardware_alarm_claim
 .text.timer_time_us_64
                0x100016e0       0x10 CMakeFiles/proyecto-pico.dir/C_/pico/pico-sdk/src/rp2_common/hardware_timer/timer.c.obj
                0x100016e0                timer_time_us_64
 .text.time_us_64
                0x100016f0       0x14 CMakeFiles/proyecto-pico.dir/C_/pico/pico-sdk/src/rp2_common/hardware_timer/timer.c.obj
                0x100016f0                time_us_64
 .text.busy_wait_until
                0x10001704       0x20 CMakeFiles/proyecto-pico.dir/C_/pico/pico-sdk/src/rp2_common/hardware_timer/timer.c.obj
                0x10001704                busy_wait_until
 .text.clock_configure_int_divider
                0x10001724       0xf4 CMakeFiles/proyecto-pico.dir/C_/pico/pico-sdk/src/rp2_common/hardware_clocks/clocks.c.obj
                0x10001724                clock_configure_int_divider
 .text.clock_configure_undivided
                0x10001818       0xe8 CMakeFiles/proyecto-pico.dir/C_/pico/pico-sdk/src/rp2_common/hardware_clocks/clocks.c.obj
                0x10001818                clock_configure_undivided
 .text.clock_get_hz
                0x10001900        0xc CMakeFiles/proyecto-pico.dir/C_/pico/pico-sdk/src/rp2_common/hardware_clocks/clocks.c.obj
                0x10001900                clock_get_hz
 .text.pll_init
                0x1000190c       0xa4 CMakeFiles/proyecto-pico.dir/C_/pico/pico-sdk/src/rp2_common/hardware_pll/pll.c.obj
                0x1000190c                pll_init
 .text.watchdog_reboot
                0x100019b0       0x9c CMakeFiles/proyecto-pico.dir/C_/pico/pico-sdk/src/rp2_common/hardware_watchdog/watchdog.c.obj
                0x100019b0                watchdog_reboot
 .text.tick_start
                0x10001a4c       0x10 CMakeFiles/proyecto-pico.dir/C_/pico/pico-sdk/src/rp2_common/hardware_ticks/ticks.c.obj
                0x10001a4c                tick_start
 .text.xosc_init
                0x10001a5c       0x28 CMakeFiles/proyecto-pico.dir/C_/pico/pico-sdk/src/rp2_common/hardware_xosc/xosc.c.obj
                0x10001a5c                xosc_init
 .text.first_per_core_initializer
                0x10001a84        0x4 CMakeFiles/proyecto-pico.dir/C_/pico/pico-sdk/src/rp2_common/pico_runtime/runtime.c.obj
 .text.hard_assertion_failure
                0x10001a88        0xc CMakeFiles/proyecto-pico.dir/C_/pico/pico-sdk/src/rp2_common/pico_runtime/runtime.c.obj
                0x10001a88                hard_assertion_failure
 .text.runtime_run_initializers
                0x10001a94       0x28 CMakeFiles/proyecto-pico.dir/C_/pico/pico-sdk/src/rp2_common/pico_runtime/runtime.c.obj
                0x10001a94                runtime_run_initializers
 .text.runtime_init_early_resets
                0x10001abc       0x2c CMakeFiles/proyecto-pico.dir/C_/pico/pico-sdk/src/rp2_common/pico_runtime_init/runtime_init.c.obj
                0x10001abc                runtime_init_early_resets
 .text.runtime_init_usb_power_down
                0x10001ae8       0x1c CMakeFiles/proyecto-pico.dir/C_/pico/pico-sdk/src/rp2_common/pico_runtime_init/runtime_init.c.obj
                0x10001ae8                runtime_init_usb_power_down
 .text.runtime_init_post_clock_resets
                0x10001b04       0x20 CMakeFiles/proyecto-pico.dir/C_/pico/pico-sdk/src/rp2_common/pico_runtime_init/runtime_init.c.obj
                0x10001b04                runtime_init_post_clock_resets
 .text.runtime_init_rp2040_gpio_ie_disable
                0x10001b24       0x14 CMakeFiles/proyecto-pico.dir/C_/pico/pico-sdk/src/rp2_common/pico_runtime_init/runtime_init.c.obj
                0x10001b24                runtime_init_rp2040_gpio_ie_disable
 .text.runtime_init_spin_locks_reset
                0x10001b38        0x8 CMakeFiles/proyecto-pico.dir/C_/pico/pico-sdk/src/rp2_common/pico_runtime_init/runtime_init.c.obj
                0x10001b38                runtime_init_spin_locks_reset
 .text.runtime_init_install_ram_vector_table
                0x10001b40       0x1c CMakeFiles/proyecto-pico.dir/C_/pico/pico-sdk/src/rp2_common/pico_runtime_init/runtime_init.c.obj
                0x10001b40                runtime_init_install_ram_vector_table
 .text.runtime_init_clocks
                0x10001b5c       0xd8 CMakeFiles/proyecto-pico.dir/C_/pico/pico-sdk/src/rp2_common/pico_runtime_init/runtime_init_clocks.c.obj
                0x10001b5c                runtime_init_clocks
 .text          0x10001c34       0x10 CMakeFiles/proyecto-pico.dir/C_/pico/pico-sdk/src/rp2_common/pico_bit_ops/bit_ops_aeabi.S.obj
 .text.rom_func_lookup
                0x10001c44       0x10 CMakeFiles/proyecto-pico.dir/C_/pico/pico-sdk/src/rp2_common/pico_bootrom/bootrom.c.obj
                0x10001c44                rom_func_lookup
 .text.rom_data_lookup
                0x10001c54       0x10 CMakeFiles/proyecto-pico.dir/C_/pico/pico-sdk/src/rp2_common/pico_bootrom/bootrom.c.obj
                0x10001c54                rom_data_lookup
 .text.rom_funcs_lookup
                0x10001c64       0x44 CMakeFiles/proyecto-pico.dir/C_/pico/pico-sdk/src/rp2_common/pico_bootrom/bootrom.c.obj
                0x10001c64                rom_funcs_lookup
 .text.rom_reset_usb_boot
                0x10001ca8       0x20 CMakeFiles/proyecto-pico.dir/C_/pico/pico-sdk/src/rp2_common/pico_bootrom/bootrom.c.obj
                0x10001ca8                rom_reset_usb_boot
 .text.__wrap___aeabi_uidiv
                0x10001cc8       0x4c CMakeFiles/proyecto-pico.dir/C_/pico/pico-sdk/src/rp2_common/pico_divider/divider_hardware.S.obj
                0x10001cc8                __wrap___aeabi_uidiv
                0x10001cc8                __wrap___aeabi_uidivmod
                0x10001cc8                div_u32u32
                0x10001cc8                divmod_u32u32
                0x10001cd0                divmod_u32u32_unsafe
                0x10001cf8                divmod_u32u32_savestate
 .text.missing_double_func_shim
                0x10001d14        0xc CMakeFiles/proyecto-pico.dir/C_/pico/pico-sdk/src/rp2_common/pico_double/double_init_rom_rp2040.c.obj
 .text.__aeabi_double_init
                0x10001d20       0xa0 CMakeFiles/proyecto-pico.dir/C_/pico/pico-sdk/src/rp2_common/pico_double/double_init_rom_rp2040.c.obj
                0x10001d20                __aeabi_double_init
 .text.double_table_shim_on_use_helper
                0x10001dc0       0x2c CMakeFiles/proyecto-pico.dir/C_/pico/pico-sdk/src/rp2_common/pico_double/double_v1_rom_shim_rp2040.S.obj
                0x10001dc0                double_table_shim_on_use_helper
 .text.__aeabi_lmul
                0x10001dec       0x32 CMakeFiles/proyecto-pico.dir/C_/pico/pico-sdk/src/rp2_common/pico_int64_ops/pico_int64_ops_aeabi.S.obj
                0x10001dec                __wrap___aeabi_lmul
 *fill*         0x10001e1e        0x2 
 .text.missing_float_func_shim
                0x10001e20        0xc CMakeFiles/proyecto-pico.dir/C_/pico/pico-sdk/src/rp2_common/pico_float/float_init_rom_rp2040.c.obj
 .text.__aeabi_float_init
                0x10001e2c       0x5c CMakeFiles/proyecto-pico.dir/C_/pico/pico-sdk/src/rp2_common/pico_float/float_init_rom_rp2040.c.obj
                0x10001e2c                __aeabi_float_init
 .text          0x10001e88       0x10 CMakeFiles/proyecto-pico.dir/C_/pico/pico-sdk/src/rp2_common/pico_mem_ops/mem_ops_aeabi.S.obj
                0x10001e88                __aeabi_mem_init
 .text.memset   0x10001e98        0xc CMakeFiles/proyecto-pico.dir/C_/pico/pico-sdk/src/rp2_common/pico_mem_ops/mem_ops_aeabi.S.obj
                0x10001e98                __wrap_memset
 .text.memcpy   0x10001ea4        0xc CMakeFiles/proyecto-pico.dir/C_/pico/pico-sdk/src/rp2_common/pico_mem_ops/mem_ops_aeabi.S.obj
                0x10001ea4                __wrap_memcpy
                0x10001ea4                __wrap___aeabi_memcpy
 .text._out_char
                0x10001eb0       0x10 CMakeFiles/proyecto-pico.dir/C_/pico/pico-sdk/src/rp2_common/pico_printf/printf.c.obj
 .text.weak_raw_vprintf
                0x10001ec0       0x30 CMakeFiles/proyecto-pico.dir/C_/pico/pico-sdk/src/rp2_common/pico_printf/printf.c.obj
                0x10001ec0                weak_raw_vprintf
 .text._exit    0x10001ef0        0x4 CMakeFiles/proyecto-pico.dir/C_/pico/pico-sdk/src/rp2_common/pico_clib_interface/newlib_interface.c.obj
                0x10001ef0                _exit
 .text.exit     0x10001ef4        0x8 CMakeFiles/proyecto-pico.dir/C_/pico/pico-sdk/src/rp2_common/pico_clib_interface/newlib_interface.c.obj
                0x10001ef4                exit
 .text.runtime_init
                0x10001efc       0x2c CMakeFiles/proyecto-pico.dir/C_/pico/pico-sdk/src/rp2_common/pico_clib_interface/newlib_interface.c.obj
                0x10001efc                runtime_init
 .text.stdio_out_chars_no_crlf
                0x10001f28       0x10 CMakeFiles/proyecto-pico.dir/C_/pico/pico-sdk/src/rp2_common/pico_stdio/stdio.c.obj
 .text.stdio_out_chars_crlf
                0x10001f38       0x94 CMakeFiles/proyecto-pico.dir/C_/pico/pico-sdk/src/rp2_common/pico_stdio/stdio.c.obj
 .text.stdio_put_string
                0x10001fcc      0x100 CMakeFiles/proyecto-pico.dir/C_/pico/pico-sdk/src/rp2_common/pico_stdio/stdio.c.obj
                0x10001fcc                stdio_put_string
 .text.stdio_set_driver_enabled
                0x100020cc       0x30 CMakeFiles/proyecto-pico.dir/C_/pico/pico-sdk/src/rp2_common/pico_stdio/stdio.c.obj
                0x100020cc                stdio_set_driver_enabled
 .text.stdio_init_all
                0x100020fc        0x8 CMakeFiles/proyecto-pico.dir/C_/pico/pico-sdk/src/rp2_common/pico_stdio/stdio.c.obj
                0x100020fc                stdio_init_all
 .text.__wrap_putchar
                0x10002104       0x98 CMakeFiles/proyecto-pico.dir/C_/pico/pico-sdk/src/rp2_common/pico_stdio/stdio.c.obj
                0x10002104                __wrap_putchar
                0x10002104                stdio_putchar
 .text.__wrap_puts
                0x1000219c       0x3c CMakeFiles/proyecto-pico.dir/C_/pico/pico-sdk/src/rp2_common/pico_stdio/stdio.c.obj
                0x1000219c                stdio_puts
                0x1000219c                __wrap_puts
 .text.resetd_init
                0x100021d8        0x4 CMakeFiles/proyecto-pico.dir/C_/pico/pico-sdk/src/rp2_common/pico_stdio_usb/reset_interface.c.obj
 .text.resetd_reset
                0x100021dc        0xc CMakeFiles/proyecto-pico.dir/C_/pico/pico-sdk/src/rp2_common/pico_stdio_usb/reset_interface.c.obj
 .text.resetd_open
                0x100021e8       0x28 CMakeFiles/proyecto-pico.dir/C_/pico/pico-sdk/src/rp2_common/pico_stdio_usb/reset_interface.c.obj
 .text.resetd_xfer_cb
                0x10002210        0x4 CMakeFiles/proyecto-pico.dir/C_/pico/pico-sdk/src/rp2_common/pico_stdio_usb/reset_interface.c.obj
 .text.resetd_control_xfer_cb
                0x10002214       0x54 CMakeFiles/proyecto-pico.dir/C_/pico/pico-sdk/src/rp2_common/pico_stdio_usb/reset_interface.c.obj
 .text.tud_descriptor_bos_cb
                0x10002268        0x8 CMakeFiles/proyecto-pico.dir/C_/pico/pico-sdk/src/rp2_common/pico_stdio_usb/reset_interface.c.obj
                0x10002268                tud_descriptor_bos_cb
 .text.tud_vendor_control_xfer_cb
                0x10002270       0x34 CMakeFiles/proyecto-pico.dir/C_/pico/pico-sdk/src/rp2_common/pico_stdio_usb/reset_interface.c.obj
                0x10002270                tud_vendor_control_xfer_cb
 .text.usbd_app_driver_get_cb
                0x100022a4        0xc CMakeFiles/proyecto-pico.dir/C_/pico/pico-sdk/src/rp2_common/pico_stdio_usb/reset_interface.c.obj
                0x100022a4                usbd_app_driver_get_cb
 .text.tud_cdc_line_coding_cb
                0x100022b0       0x28 CMakeFiles/proyecto-pico.dir/C_/pico/pico-sdk/src/rp2_common/pico_stdio_usb/reset_interface.c.obj
                0x100022b0                tud_cdc_line_coding_cb
 .text.stdio_usb_set_chars_available_callback
                0x100022d8       0x14 CMakeFiles/proyecto-pico.dir/C_/pico/pico-sdk/src/rp2_common/pico_stdio_usb/stdio_usb.c.obj
                0x100022d8                stdio_usb_set_chars_available_callback
 .text.usb_irq  0x100022ec       0x10 CMakeFiles/proyecto-pico.dir/C_/pico/pico-sdk/src/rp2_common/pico_stdio_usb/stdio_usb.c.obj
 .text.timer_task
                0x100022fc       0x64 CMakeFiles/proyecto-pico.dir/C_/pico/pico-sdk/src/rp2_common/pico_stdio_usb/stdio_usb.c.obj
 .text.stdio_usb_in_chars
                0x10002360       0x90 CMakeFiles/proyecto-pico.dir/C_/pico/pico-sdk/src/rp2_common/pico_stdio_usb/stdio_usb.c.obj
                0x10002360                stdio_usb_in_chars
 .text.stdio_usb_out_flush
                0x100023f0       0x50 CMakeFiles/proyecto-pico.dir/C_/pico/pico-sdk/src/rp2_common/pico_stdio_usb/stdio_usb.c.obj
 .text.stdio_usb_out_chars
                0x10002440      0x104 CMakeFiles/proyecto-pico.dir/C_/pico/pico-sdk/src/rp2_common/pico_stdio_usb/stdio_usb.c.obj
 .text.low_priority_worker_irq
                0x10002544       0xcc CMakeFiles/proyecto-pico.dir/C_/pico/pico-sdk/src/rp2_common/pico_stdio_usb/stdio_usb.c.obj
 .text.stdio_usb_init
                0x10002610       0xe8 CMakeFiles/proyecto-pico.dir/C_/pico/pico-sdk/src/rp2_common/pico_stdio_usb/stdio_usb.c.obj
                0x10002610                stdio_usb_init
 .text.tud_descriptor_device_cb
                0x100026f8        0x8 CMakeFiles/proyecto-pico.dir/C_/pico/pico-sdk/src/rp2_common/pico_stdio_usb/stdio_usb_descriptors.c.obj
                0x100026f8                tud_descriptor_device_cb
 .text.tud_descriptor_configuration_cb
                0x10002700        0x8 CMakeFiles/proyecto-pico.dir/C_/pico/pico-sdk/src/rp2_common/pico_stdio_usb/stdio_usb_descriptors.c.obj
                0x10002700                tud_descriptor_configuration_cb
 .text.tud_descriptor_string_cb
                0x10002708       0x78 CMakeFiles/proyecto-pico.dir/C_/pico/pico-sdk/src/rp2_common/pico_stdio_usb/stdio_usb_descriptors.c.obj
                0x10002708                tud_descriptor_string_cb
 .text.startup._retrieve_unique_id_on_boot
                0x10002780       0x10 CMakeFiles/proyecto-pico.dir/C_/pico/pico-sdk/src/rp2_common/pico_unique_id/unique_id.c.obj
 .text.pico_get_unique_board_id_string
                0x10002790      0x1a8 CMakeFiles/proyecto-pico.dir/C_/pico/pico-sdk/src/rp2_common/pico_unique_id/unique_id.c.obj
                0x10002790                pico_get_unique_board_id_string
 .text.flash_get_unique_id
                0x10002938       0x3c CMakeFiles/proyecto-pico.dir/C_/pico/pico-sdk/src/rp2_common/hardware_flash/flash.c.obj
                0x10002938                flash_get_unique_id
 .text.dcd_init
                0x10002974       0x8c CMakeFiles/proyecto-pico.dir/C_/pico/pico-sdk/lib/tinyusb/src/portable/raspberrypi/rp2040/dcd_rp2040.c.obj
                0x10002974                dcd_init
 .text.dcd_int_enable
                0x10002a00        0xc CMakeFiles/proyecto-pico.dir/C_/pico/pico-sdk/lib/tinyusb/src/portable/raspberrypi/rp2040/dcd_rp2040.c.obj
                0x10002a00                dcd_int_enable
 .text.dcd_set_address
                0x10002a0c       0x14 CMakeFiles/proyecto-pico.dir/C_/pico/pico-sdk/lib/tinyusb/src/portable/raspberrypi/rp2040/dcd_rp2040.c.obj
                0x10002a0c                dcd_set_address
 .text.dcd_sof_enable
                0x10002a20       0x1c CMakeFiles/proyecto-pico.dir/C_/pico/pico-sdk/lib/tinyusb/src/portable/raspberrypi/rp2040/dcd_rp2040.c.obj
                0x10002a20                dcd_sof_enable
 .text.dcd_edpt0_status_complete
                0x10002a3c       0x1c CMakeFiles/proyecto-pico.dir/C_/pico/pico-sdk/lib/tinyusb/src/portable/raspberrypi/rp2040/dcd_rp2040.c.obj
                0x10002a3c                dcd_edpt0_status_complete
 .text.dcd_edpt_open
                0x10002a58      0x108 CMakeFiles/proyecto-pico.dir/C_/pico/pico-sdk/lib/tinyusb/src/portable/raspberrypi/rp2040/dcd_rp2040.c.obj
                0x10002a58                dcd_edpt_open
 .text.dcd_edpt_close_all
                0x10002b60        0x8 CMakeFiles/proyecto-pico.dir/C_/pico/pico-sdk/lib/tinyusb/src/portable/raspberrypi/rp2040/dcd_rp2040.c.obj
                0x10002b60                dcd_edpt_close_all
 .text.dcd_edpt_xfer
                0x10002b68       0x24 CMakeFiles/proyecto-pico.dir/C_/pico/pico-sdk/lib/tinyusb/src/portable/raspberrypi/rp2040/dcd_rp2040.c.obj
                0x10002b68                dcd_edpt_xfer
 .text.dcd_edpt_stall
                0x10002b8c       0x34 CMakeFiles/proyecto-pico.dir/C_/pico/pico-sdk/lib/tinyusb/src/portable/raspberrypi/rp2040/dcd_rp2040.c.obj
                0x10002b8c                dcd_edpt_stall
 .text.dcd_edpt_clear_stall
                0x10002bc0       0x30 CMakeFiles/proyecto-pico.dir/C_/pico/pico-sdk/lib/tinyusb/src/portable/raspberrypi/rp2040/dcd_rp2040.c.obj
                0x10002bc0                dcd_edpt_clear_stall
 .text.rp2040_usb_init
                0x10002bf0       0x40 CMakeFiles/proyecto-pico.dir/C_/pico/pico-sdk/lib/tinyusb/src/portable/raspberrypi/rp2040/rp2040_usb.c.obj
                0x10002bf0                rp2040_usb_init
 .text.hw_endpoint_xfer_start
                0x10002c30       0x40 CMakeFiles/proyecto-pico.dir/C_/pico/pico-sdk/lib/tinyusb/src/portable/raspberrypi/rp2040/rp2040_usb.c.obj
                0x10002c30                hw_endpoint_xfer_start
 .text.tud_event_hook_cb
                0x10002c70        0x4 CMakeFiles/proyecto-pico.dir/C_/pico/pico-sdk/lib/tinyusb/src/device/usbd.c.obj
                0x10002c70                tud_event_hook_cb
 .text.tud_sof_cb
                0x10002c74        0x4 CMakeFiles/proyecto-pico.dir/C_/pico/pico-sdk/lib/tinyusb/src/device/usbd.c.obj
                0x10002c74                tud_sof_cb
 .text.tud_descriptor_device_qualifier_cb
                0x10002c78        0x4 CMakeFiles/proyecto-pico.dir/C_/pico/pico-sdk/lib/tinyusb/src/device/usbd.c.obj
                0x10002c78                tud_descriptor_device_qualifier_cb
 .text.tud_descriptor_other_speed_configuration_cb
                0x10002c7c        0x4 CMakeFiles/proyecto-pico.dir/C_/pico/pico-sdk/lib/tinyusb/src/device/usbd.c.obj
                0x10002c7c                tud_descriptor_other_speed_configuration_cb
 .text.tud_mount_cb
                0x10002c80        0x4 CMakeFiles/proyecto-pico.dir/C_/pico/pico-sdk/lib/tinyusb/src/device/usbd.c.obj
                0x10002c80                tud_mount_cb
 .text.tud_umount_cb
                0x10002c84        0x4 CMakeFiles/proyecto-pico.dir/C_/pico/pico-sdk/lib/tinyusb/src/device/usbd.c.obj
                0x10002c84                tud_umount_cb
 .text.tud_suspend_cb
                0x10002c88        0x4 CMakeFiles/proyecto-pico.dir/C_/pico/pico-sdk/lib/tinyusb/src/device/usbd.c.obj
                0x10002c88                tud_suspend_cb
 .text.tud_resume_cb
                0x10002c8c        0x4 CMakeFiles/proyecto-pico.dir/C_/pico/pico-sdk/lib/tinyusb/src/device/usbd.c.obj
                0x10002c8c                tud_resume_cb
 .text.tud_mounted
                0x10002c90       0x10 CMakeFiles/proyecto-pico.dir/C_/pico/pico-sdk/lib/tinyusb/src/device/usbd.c.obj
                0x10002c90                tud_mounted
 .text.tud_suspended
                0x10002ca0       0x10 CMakeFiles/proyecto-pico.dir/C_/pico/pico-sdk/lib/tinyusb/src/device/usbd.c.obj
                0x10002ca0                tud_suspended
 .text.tud_init
                0x10002cb0       0xe4 CMakeFiles/proyecto-pico.dir/C_/pico/pico-sdk/lib/tinyusb/src/device/usbd.c.obj
                0x10002cb0                tud_init
 .text.tud_task_ext
                0x10002d94      0x800 CMakeFiles/proyecto-pico.dir/C_/pico/pico-sdk/lib/tinyusb/src/device/usbd.c.obj
                0x10002d94                tud_task_ext
 .text.usbd_open_edpt_pair
                0x10003594       0x9c CMakeFiles/proyecto-pico.dir/C_/pico/pico-sdk/lib/tinyusb/src/device/usbd.c.obj
                0x10003594                usbd_open_edpt_pair
 .text.usbd_edpt_open
                0x10003630       0x34 CMakeFiles/proyecto-pico.dir/C_/pico/pico-sdk/lib/tinyusb/src/device/usbd.c.obj
                0x10003630                usbd_edpt_open
 .text.usbd_edpt_claim
                0x10003664       0x28 CMakeFiles/proyecto-pico.dir/C_/pico/pico-sdk/lib/tinyusb/src/device/usbd.c.obj
                0x10003664                usbd_edpt_claim
 .text.usbd_edpt_release
                0x1000368c       0x28 CMakeFiles/proyecto-pico.dir/C_/pico/pico-sdk/lib/tinyusb/src/device/usbd.c.obj
                0x1000368c                usbd_edpt_release
 .text.usbd_edpt_xfer
                0x100036b4       0x4c CMakeFiles/proyecto-pico.dir/C_/pico/pico-sdk/lib/tinyusb/src/device/usbd.c.obj
                0x100036b4                usbd_edpt_xfer
 .text.tud_control_status
                0x10003700       0x2c CMakeFiles/proyecto-pico.dir/C_/pico/pico-sdk/lib/tinyusb/src/device/usbd_control.c.obj
                0x10003700                tud_control_status
 .text.tud_control_xfer
                0x1000372c       0xac CMakeFiles/proyecto-pico.dir/C_/pico/pico-sdk/lib/tinyusb/src/device/usbd_control.c.obj
                0x1000372c                tud_control_xfer
 .text.usbd_control_reset
                0x100037d8       0x14 CMakeFiles/proyecto-pico.dir/C_/pico/pico-sdk/lib/tinyusb/src/device/usbd_control.c.obj
                0x100037d8                usbd_control_reset
 .text.usbd_control_set_complete_callback
                0x100037ec        0xc CMakeFiles/proyecto-pico.dir/C_/pico/pico-sdk/lib/tinyusb/src/device/usbd_control.c.obj
                0x100037ec                usbd_control_set_complete_callback
 .text.usbd_control_set_request
                0x100037f8       0x1c CMakeFiles/proyecto-pico.dir/C_/pico/pico-sdk/lib/tinyusb/src/device/usbd_control.c.obj
                0x100037f8                usbd_control_set_request
 .text.usbd_control_xfer_cb
                0x10003814       0xec CMakeFiles/proyecto-pico.dir/C_/pico/pico-sdk/lib/tinyusb/src/device/usbd_control.c.obj
                0x10003814                usbd_control_xfer_cb
 .text._prep_out_transaction.isra.0
                0x10003900       0x5c CMakeFiles/proyecto-pico.dir/C_/pico/pico-sdk/lib/tinyusb/src/class/cdc/cdc_device.c.obj
 .text.tud_cdc_n_connected
                0x1000395c       0x30 CMakeFiles/proyecto-pico.dir/C_/pico/pico-sdk/lib/tinyusb/src/class/cdc/cdc_device.c.obj
                0x1000395c                tud_cdc_n_connected
 .text.tud_cdc_n_available
                0x1000398c       0x18 CMakeFiles/proyecto-pico.dir/C_/pico/pico-sdk/lib/tinyusb/src/class/cdc/cdc_device.c.obj
                0x1000398c                tud_cdc_n_available
 .text.tud_cdc_n_read
                0x100039a4       0x98 CMakeFiles/proyecto-pico.dir/C_/pico/pico-sdk/lib/tinyusb/src/class/cdc/cdc_device.c.obj
                0x100039a4                tud_cdc_n_read
 .text.tud_cdc_n_write_flush
                0x10003a3c       0x78 CMakeFiles/proyecto-pico.dir/C_/pico/pico-sdk/lib/tinyusb/src/class/cdc/cdc_device.c.obj
                0x10003a3c                tud_cdc_n_write_flush
 .text.tud_cdc_n_write
                0x10003ab4       0x40 CMakeFiles/proyecto-pico.dir/C_/pico/pico-sdk/lib/tinyusb/src/class/cdc/cdc_device.c.obj
                0x10003ab4                tud_cdc_n_write
 .text.tud_cdc_n_write_available
                0x10003af4       0x18 CMakeFiles/proyecto-pico.dir/C_/pico/pico-sdk/lib/tinyusb/src/class/cdc/cdc_device.c.obj
                0x10003af4                tud_cdc_n_write_available
 .text.cdcd_init
                0x10003b0c       0x7c CMakeFiles/proyecto-pico.dir/C_/pico/pico-sdk/lib/tinyusb/src/class/cdc/cdc_device.c.obj
                0x10003b0c                cdcd_init
 .text.cdcd_deinit
                0x10003b88       0x34 CMakeFiles/proyecto-pico.dir/C_/pico/pico-sdk/lib/tinyusb/src/class/cdc/cdc_device.c.obj
                0x10003b88                cdcd_deinit
 .text.cdcd_reset
                0x10003bbc       0x4c CMakeFiles/proyecto-pico.dir/C_/pico/pico-sdk/lib/tinyusb/src/class/cdc/cdc_device.c.obj
                0x10003bbc                cdcd_reset
 .text.cdcd_open
                0x10003c08       0xb0 CMakeFiles/proyecto-pico.dir/C_/pico/pico-sdk/lib/tinyusb/src/class/cdc/cdc_device.c.obj
                0x10003c08                cdcd_open
 .text.cdcd_control_xfer_cb
                0x10003cb8       0xe4 CMakeFiles/proyecto-pico.dir/C_/pico/pico-sdk/lib/tinyusb/src/class/cdc/cdc_device.c.obj
                0x10003cb8                cdcd_control_xfer_cb
 .text.cdcd_xfer_cb
                0x10003d9c      0x100 CMakeFiles/proyecto-pico.dir/C_/pico/pico-sdk/lib/tinyusb/src/class/cdc/cdc_device.c.obj
                0x10003d9c                cdcd_xfer_cb
 .text.tud_vendor_n_write_flush
                0x10003e9c       0x78 CMakeFiles/proyecto-pico.dir/C_/pico/pico-sdk/lib/tinyusb/src/class/vendor/vendor_device.c.obj
                0x10003e9c                tud_vendor_n_write_flush
 .text.vendord_init
                0x10003f14       0x64 CMakeFiles/proyecto-pico.dir/C_/pico/pico-sdk/lib/tinyusb/src/class/vendor/vendor_device.c.obj
                0x10003f14                vendord_init
 .text.vendord_deinit
                0x10003f78       0x34 CMakeFiles/proyecto-pico.dir/C_/pico/pico-sdk/lib/tinyusb/src/class/vendor/vendor_device.c.obj
                0x10003f78                vendord_deinit
 .text.vendord_reset
                0x10003fac       0x1c CMakeFiles/proyecto-pico.dir/C_/pico/pico-sdk/lib/tinyusb/src/class/vendor/vendor_device.c.obj
                0x10003fac                vendord_reset
 .text.vendord_open
                0x10003fc8       0xd8 CMakeFiles/proyecto-pico.dir/C_/pico/pico-sdk/lib/tinyusb/src/class/vendor/vendor_device.c.obj
                0x10003fc8                vendord_open
 .text.vendord_xfer_cb
                0x100040a0       0xc8 CMakeFiles/proyecto-pico.dir/C_/pico/pico-sdk/lib/tinyusb/src/class/vendor/vendor_device.c.obj
                0x100040a0                vendord_xfer_cb
 .text.tusb_init
                0x10004168        0xc CMakeFiles/proyecto-pico.dir/C_/pico/pico-sdk/lib/tinyusb/src/tusb.c.obj
                0x10004168                tusb_init
 .text.tu_edpt_claim
                0x10004174       0x50 CMakeFiles/proyecto-pico.dir/C_/pico/pico-sdk/lib/tinyusb/src/tusb.c.obj
                0x10004174                tu_edpt_claim
 .text.tu_edpt_release
                0x100041c4       0x38 CMakeFiles/proyecto-pico.dir/C_/pico/pico-sdk/lib/tinyusb/src/tusb.c.obj
                0x100041c4                tu_edpt_release
 .text.tu_edpt_validate
                0x100041fc       0x7c CMakeFiles/proyecto-pico.dir/C_/pico/pico-sdk/lib/tinyusb/src/tusb.c.obj
                0x100041fc                tu_edpt_validate
 .text.tu_edpt_bind_driver
                0x10004278       0x34 CMakeFiles/proyecto-pico.dir/C_/pico/pico-sdk/lib/tinyusb/src/tusb.c.obj
                0x10004278                tu_edpt_bind_driver
 .text.tu_fifo_config
                0x100042ac       0x6c CMakeFiles/proyecto-pico.dir/C_/pico/pico-sdk/lib/tinyusb/src/common/tusb_fifo.c.obj
                0x100042ac                tu_fifo_config
 .text.tu_fifo_count
                0x10004318       0x2c CMakeFiles/proyecto-pico.dir/C_/pico/pico-sdk/lib/tinyusb/src/common/tusb_fifo.c.obj
                0x10004318                tu_fifo_count
 .text.tu_fifo_empty
                0x10004344       0x10 CMakeFiles/proyecto-pico.dir/C_/pico/pico-sdk/lib/tinyusb/src/common/tusb_fifo.c.obj
                0x10004344                tu_fifo_empty
 .text.tu_fifo_remaining
                0x10004354       0x2c CMakeFiles/proyecto-pico.dir/C_/pico/pico-sdk/lib/tinyusb/src/common/tusb_fifo.c.obj
                0x10004354                tu_fifo_remaining
 .text.tu_fifo_read
                0x10004380       0x9c CMakeFiles/proyecto-pico.dir/C_/pico/pico-sdk/lib/tinyusb/src/common/tusb_fifo.c.obj
                0x10004380                tu_fifo_read
 .text.tu_fifo_read_n
                0x1000441c       0xe8 CMakeFiles/proyecto-pico.dir/C_/pico/pico-sdk/lib/tinyusb/src/common/tusb_fifo.c.obj
                0x1000441c                tu_fifo_read_n
 .text.tu_fifo_write
                0x10004504       0xa8 CMakeFiles/proyecto-pico.dir/C_/pico/pico-sdk/lib/tinyusb/src/common/tusb_fifo.c.obj
                0x10004504                tu_fifo_write
 .text.tu_fifo_write_n
                0x100045ac      0x178 CMakeFiles/proyecto-pico.dir/C_/pico/pico-sdk/lib/tinyusb/src/common/tusb_fifo.c.obj
                0x100045ac                tu_fifo_write_n
 .text.tu_fifo_clear
                0x10004724       0x40 CMakeFiles/proyecto-pico.dir/C_/pico/pico-sdk/lib/tinyusb/src/common/tusb_fifo.c.obj
                0x10004724                tu_fifo_clear
 .text.tu_fifo_set_overwritable
                0x10004764       0x48 CMakeFiles/proyecto-pico.dir/C_/pico/pico-sdk/lib/tinyusb/src/common/tusb_fifo.c.obj
                0x10004764                tu_fifo_set_overwritable
 .text.i2c_set_baudrate
                0x100047ac       0xc0 CMakeFiles/proyecto-pico.dir/C_/pico/pico-sdk/src/rp2_common/hardware_i2c/i2c.c.obj
                0x100047ac                i2c_set_baudrate
 .text.i2c_init
                0x1000486c       0x50 CMakeFiles/proyecto-pico.dir/C_/pico/pico-sdk/src/rp2_common/hardware_i2c/i2c.c.obj
                0x1000486c                i2c_init
 .text.i2c_write_blocking
                0x100048bc       0xd0 CMakeFiles/proyecto-pico.dir/C_/pico/pico-sdk/src/rp2_common/hardware_i2c/i2c.c.obj
                0x100048bc                i2c_write_blocking
 .text.strlen   0x1000498c       0x5c C:/ARM/133167~1.3RE/bin/../lib/gcc/arm-none-eabi/13.3.1/thumb/v6-m/nofp\libg.a(libc_a-strlen-stub.o)
                0x1000498c                strlen
 *(.fini)
 .fini          0x100049e8        0x4 C:/ARM/133167~1.3RE/bin/../lib/gcc/arm-none-eabi/13.3.1/thumb/v6-m/nofp/crti.o
                0x100049e8                _fini
 *fill*         0x100049ec        0x4 
 .fini.__stub   0x100049f0       0xb0 linker stubs
 *crtbegin.o(.ctors)
 *crtbegin?.o(.ctors)
 *(EXCLUDE_FILE(*crtend.o *crtend?.o) .ctors)
 *(SORT_BY_NAME(.ctors.*))
 *(.ctors)
 *crtbegin.o(.dtors)
 *crtbegin?.o(.dtors)
 *(EXCLUDE_FILE(*crtend.o *crtend?.o) .dtors)
 *(SORT_BY_NAME(.dtors.*))
 *(.dtors)
                0x10004aa0                        . = ALIGN (0x4)
                0x10004aa0                        PROVIDE (__preinit_array_start = .)
 *(SORT_BY_NAME(.preinit_array.*))
 .preinit_array.00100
                0x10004aa0        0x4 CMakeFiles/proyecto-pico.dir/C_/pico/pico-sdk/src/rp2_common/pico_runtime_init/runtime_init.c.obj
                0x10004aa0                __pre_init_runtime_init_early_resets
 .preinit_array.00101
                0x10004aa4        0x4 CMakeFiles/proyecto-pico.dir/C_/pico/pico-sdk/src/rp2_common/pico_runtime_init/runtime_init.c.obj
                0x10004aa4                __pre_init_runtime_init_usb_power_down
 .preinit_array.00275
                0x10004aa8        0x4 CMakeFiles/proyecto-pico.dir/C_/pico/pico-sdk/src/rp2_common/pico_bit_ops/bit_ops_aeabi.S.obj
 .preinit_array.00300
                0x10004aac        0x4 CMakeFiles/proyecto-pico.dir/C_/pico/pico-sdk/src/rp2_common/pico_mem_ops/mem_ops_aeabi.S.obj
 .preinit_array.00350
                0x10004ab0        0x4 CMakeFiles/proyecto-pico.dir/C_/pico/pico-sdk/src/rp2_common/pico_double/double_aeabi_rp2040.S.obj
 .preinit_array.00350
                0x10004ab4        0x4 CMakeFiles/proyecto-pico.dir/C_/pico/pico-sdk/src/rp2_common/pico_float/float_aeabi_rp2040.S.obj
 .preinit_array.00500
                0x10004ab8        0x4 CMakeFiles/proyecto-pico.dir/C_/pico/pico-sdk/src/rp2_common/pico_runtime_init/runtime_init.c.obj
                0x10004ab8                __pre_init_runtime_init_clocks
 .preinit_array.00600
                0x10004abc        0x4 CMakeFiles/proyecto-pico.dir/C_/pico/pico-sdk/src/rp2_common/pico_runtime_init/runtime_init.c.obj
                0x10004abc                __pre_init_runtime_init_post_clock_resets
 .preinit_array.00700
                0x10004ac0        0x4 CMakeFiles/proyecto-pico.dir/C_/pico/pico-sdk/src/rp2_common/pico_runtime_init/runtime_init.c.obj
                0x10004ac0                __pre_init_runtime_init_rp2040_gpio_ie_disable
 .preinit_array.01000
                0x10004ac4        0x4 CMakeFiles/proyecto-pico.dir/C_/pico/pico-sdk/src/rp2_common/pico_runtime_init/runtime_init.c.obj
                0x10004ac4                __pre_init_runtime_init_spin_locks_reset
 .preinit_array.01100
                0x10004ac8        0x4 CMakeFiles/proyecto-pico.dir/C_/pico/pico-sdk/src/common/pico_sync/mutex.c.obj
                0x10004ac8                __pre_init_runtime_init_mutex
 .preinit_array.10080
                0x10004acc        0x4 CMakeFiles/proyecto-pico.dir/C_/pico/pico-sdk/src/rp2_common/pico_runtime_init/runtime_init.c.obj
                0x10004acc                __pre_init_runtime_init_install_ram_vector_table
 .preinit_array.11000
                0x10004ad0        0x4 CMakeFiles/proyecto-pico.dir/C_/pico/pico-sdk/src/common/pico_time/time.c.obj
                0x10004ad0                __pre_init_runtime_init_default_alarm_pool
 .preinit_array.YYYYY
                0x10004ad4        0x4 CMakeFiles/proyecto-pico.dir/C_/pico/pico-sdk/src/rp2_common/pico_runtime/runtime.c.obj
                0x10004ad4                __pre_init_first_per_core_initializer
 .preinit_array.ZZZZZ.01200
                0x10004ad8        0x4 CMakeFiles/proyecto-pico.dir/C_/pico/pico-sdk/src/rp2_common/hardware_irq/irq.c.obj
                0x10004ad8                __pre_init_runtime_init_per_core_irq_priorities
 *(.preinit_array)
                0x10004adc                        PROVIDE (__preinit_array_end = .)
                0x10004adc                        . = ALIGN (0x4)
                0x10004adc                        PROVIDE (__init_array_start = .)
 *(SORT_BY_NAME(.init_array.*))
 *(.init_array)
 .init_array    0x10004adc        0x4 C:/ARM/133167~1.3RE/bin/../lib/gcc/arm-none-eabi/13.3.1/thumb/v6-m/nofp/crtbegin.o
 .init_array    0x10004ae0        0x4 CMakeFiles/proyecto-pico.dir/C_/pico/pico-sdk/src/rp2_common/pico_unique_id/unique_id.c.obj
                0x10004ae4                        PROVIDE (__init_array_end = .)
                0x10004ae4                        . = ALIGN (0x4)
                [!provide]                        PROVIDE (__fini_array_start = .)
 *(SORT_BY_NAME(.fini_array.*))
 *(.fini_array)
                [!provide]                        PROVIDE (__fini_array_end = .)
 *(.eh_frame*)
 .eh_frame      0x10004ae4        0x0 C:/ARM/133167~1.3RE/bin/../lib/gcc/arm-none-eabi/13.3.1/thumb/v6-m/nofp/crtbegin.o
                0x10004ae4                        . = ALIGN (0x4)

.glue_7         0x10004ae4        0x0
 .glue_7        0x10004ae4        0x0 linker stubs

.glue_7t        0x10004ae4        0x0
 .glue_7t       0x10004ae4        0x0 linker stubs

.vfp11_veneer   0x10004ae4        0x0
 .vfp11_veneer  0x10004ae4        0x0 linker stubs

.v4_bx          0x10004ae4        0x0
 .v4_bx         0x10004ae4        0x0 linker stubs

.iplt           0x10004ae4        0x0
 .iplt          0x10004ae4        0x0 C:/ARM/133167~1.3RE/bin/../lib/gcc/arm-none-eabi/13.3.1/thumb/v6-m/nofp/crtbegin.o

.rodata         0x10004ae4      0x504
 *(EXCLUDE_FILE(*libm.a: *libc.a:*lib_a-mem*.o *libgcc.a:) .rodata*)
 .rodata.main.str1.4
                0x10004ae4      0x188 CMakeFiles/proyecto-pico.dir/src/main.c.obj
                                 0x23 (size before relaxing)
 .rodata.font   0x10004c6c       0xd0 CMakeFiles/proyecto-pico.dir/src/font.c.obj
                0x10004c6c                font
 .rodata.panic.str1.4
                0x10004d3c       0x12 CMakeFiles/proyecto-pico.dir/C_/pico/pico-sdk/src/rp2_common/pico_platform_panic/panic.c.obj
 .rodata.spin_lock_claim_unused.str1.4
                0x10004d3c       0x1b CMakeFiles/proyecto-pico.dir/C_/pico/pico-sdk/src/rp2_common/hardware_sync/sync.c.obj
 .rodata.user_irq_claim_unused.str1.4
                0x10004d3c       0x1b CMakeFiles/proyecto-pico.dir/C_/pico/pico-sdk/src/rp2_common/hardware_irq/irq.c.obj
 .rodata.timer_hardware_alarm_claim.str1.4
                0x10004d3c       0x22 CMakeFiles/proyecto-pico.dir/C_/pico/pico-sdk/src/rp2_common/hardware_timer/timer.c.obj
 .rodata.hard_assertion_failure.str1.4
                0x10004d3c        0xc CMakeFiles/proyecto-pico.dir/C_/pico/pico-sdk/src/rp2_common/pico_runtime/runtime.c.obj
 .rodata.missing_double_func_shim.str1.4
                0x10004d3c       0x18 CMakeFiles/proyecto-pico.dir/C_/pico/pico-sdk/src/rp2_common/pico_double/double_init_rom_rp2040.c.obj
 .rodata.missing_float_func_shim.str1.4
                0x10004d3c        0x1 CMakeFiles/proyecto-pico.dir/C_/pico/pico-sdk/src/rp2_common/pico_float/float_init_rom_rp2040.c.obj
 .rodata.str1.4
                0x10004d3c       0x34 CMakeFiles/proyecto-pico.dir/C_/pico/pico-sdk/src/rp2_common/pico_standard_binary_info/standard_binary_info.c.obj
 .rodata.__bi_84
                0x10004d3c        0xc CMakeFiles/proyecto-pico.dir/C_/pico/pico-sdk/src/rp2_common/pico_standard_binary_info/standard_binary_info.c.obj
 .rodata.__bi_54
                0x10004d48        0xc CMakeFiles/proyecto-pico.dir/C_/pico/pico-sdk/src/rp2_common/pico_standard_binary_info/standard_binary_info.c.obj
 .rodata.__bi_48
                0x10004d54        0xc CMakeFiles/proyecto-pico.dir/C_/pico/pico-sdk/src/rp2_common/pico_standard_binary_info/standard_binary_info.c.obj
 .rodata.__bi_42
                0x10004d60        0xc CMakeFiles/proyecto-pico.dir/C_/pico/pico-sdk/src/rp2_common/pico_standard_binary_info/standard_binary_info.c.obj
 .rodata.__bi_34
                0x10004d6c        0xc CMakeFiles/proyecto-pico.dir/C_/pico/pico-sdk/src/rp2_common/pico_standard_binary_info/standard_binary_info.c.obj
 .rodata.__bi_26
                0x10004d78        0xc CMakeFiles/proyecto-pico.dir/C_/pico/pico-sdk/src/rp2_common/pico_standard_binary_info/standard_binary_info.c.obj
 .rodata.crlf_str.0
                0x10004d84        0x2 CMakeFiles/proyecto-pico.dir/C_/pico/pico-sdk/src/rp2_common/pico_stdio/stdio.c.obj
 *fill*         0x10004d86        0x2 
 .rodata._resetd_driver
                0x10004d88       0x20 CMakeFiles/proyecto-pico.dir/C_/pico/pico-sdk/src/rp2_common/pico_stdio_usb/reset_interface.c.obj
 .rodata.desc_ms_os_20
                0x10004da8       0xa6 CMakeFiles/proyecto-pico.dir/C_/pico/pico-sdk/src/rp2_common/pico_stdio_usb/reset_interface.c.obj
 *fill*         0x10004e4e        0x2 
 .rodata.desc_bos
                0x10004e50       0x21 CMakeFiles/proyecto-pico.dir/C_/pico/pico-sdk/src/rp2_common/pico_stdio_usb/reset_interface.c.obj
                0x10004e50                desc_bos
 .rodata.str1.4
                0x10004e71       0x13 CMakeFiles/proyecto-pico.dir/C_/pico/pico-sdk/src/rp2_common/pico_stdio_usb/stdio_usb.c.obj
 *fill*         0x10004e71        0x3 
 .rodata.__bi_197.0
                0x10004e74        0xc CMakeFiles/proyecto-pico.dir/C_/pico/pico-sdk/src/rp2_common/pico_stdio_usb/stdio_usb.c.obj
 .rodata.str1.4
                0x10004e80       0x2a CMakeFiles/proyecto-pico.dir/C_/pico/pico-sdk/src/rp2_common/pico_stdio_usb/stdio_usb_descriptors.c.obj
 .rodata.usbd_desc_str
                0x10004e80       0x18 CMakeFiles/proyecto-pico.dir/C_/pico/pico-sdk/src/rp2_common/pico_stdio_usb/stdio_usb_descriptors.c.obj
 .rodata.usbd_desc_cfg
                0x10004e98       0x54 CMakeFiles/proyecto-pico.dir/C_/pico/pico-sdk/src/rp2_common/pico_stdio_usb/stdio_usb_descriptors.c.obj
 .rodata.usbd_desc_device
                0x10004eec       0x12 CMakeFiles/proyecto-pico.dir/C_/pico/pico-sdk/src/rp2_common/pico_stdio_usb/stdio_usb_descriptors.c.obj
 .rodata.str1.4
                0x10004efe       0x14 CMakeFiles/proyecto-pico.dir/C_/pico/pico-sdk/lib/tinyusb/src/portable/raspberrypi/rp2040/dcd_rp2040.c.obj
 .rodata.str1.4
                0x10004efe       0x48 CMakeFiles/proyecto-pico.dir/C_/pico/pico-sdk/lib/tinyusb/src/portable/raspberrypi/rp2040/rp2040_usb.c.obj
 *fill*         0x10004efe        0x2 
 .rodata.tud_task_ext
                0x10004f00       0x8c CMakeFiles/proyecto-pico.dir/C_/pico/pico-sdk/lib/tinyusb/src/device/usbd.c.obj
 .rodata        0x10004f8c       0x1c CMakeFiles/proyecto-pico.dir/C_/pico/pico-sdk/lib/tinyusb/src/device/usbd.c.obj
 .rodata._usbd_driver
                0x10004fa8       0x40 CMakeFiles/proyecto-pico.dir/C_/pico/pico-sdk/lib/tinyusb/src/device/usbd.c.obj
                0x10004fe8                        . = ALIGN (0x4)
 *(SORT_BY_ALIGNMENT(SORT_BY_NAME(.flashdata*)))
                0x10004fe8                        . = ALIGN (0x4)

.ARM.extab
 *(.ARM.extab* .gnu.linkonce.armextab.*)
                0x10004fe8                        __exidx_start = .

.ARM.exidx
 *(.ARM.exidx* .gnu.linkonce.armexidx.*)
                0x10004fe8                        __exidx_end = .
                0x10004fe8                        . = ALIGN (0x4)
                0x10004fe8                        __binary_info_start = .

.binary_info    0x10004fe8       0x1c
 *(.binary_info.keep.*)
 .binary_info.keep.__bi_ptr84
                0x10004fe8        0x4 CMakeFiles/proyecto-pico.dir/C_/pico/pico-sdk/src/rp2_common/pico_standard_binary_info/standard_binary_info.c.obj
 .binary_info.keep.__bi_ptr54
                0x10004fec        0x4 CMakeFiles/proyecto-pico.dir/C_/pico/pico-sdk/src/rp2_common/pico_standard_binary_info/standard_binary_info.c.obj
 .binary_info.keep.__bi_ptr48
                0x10004ff0        0x4 CMakeFiles/proyecto-pico.dir/C_/pico/pico-sdk/src/rp2_common/pico_standard_binary_info/standard_binary_info.c.obj
 .binary_info.keep.__bi_ptr42
                0x10004ff4        0x4 CMakeFiles/proyecto-pico.dir/C_/pico/pico-sdk/src/rp2_common/pico_standard_binary_info/standard_binary_info.c.obj
 .binary_info.keep.__bi_ptr34
                0x10004ff8        0x4 CMakeFiles/proyecto-pico.dir/C_/pico/pico-sdk/src/rp2_common/pico_standard_binary_info/standard_binary_info.c.obj
 .binary_info.keep.__bi_ptr26
                0x10004ffc        0x4 CMakeFiles/proyecto-pico.dir/C_/pico/pico-sdk/src/rp2_common/pico_standard_binary_info/standard_binary_info.c.obj
 *(.binary_info.*)
 .binary_info.__bi_ptr197
                0x10005000        0x4 CMakeFiles/proyecto-pico.dir/C_/pico/pico-sdk/src/rp2_common/pico_stdio_usb/stdio_usb.c.obj
                0x10005004                        __binary_info_end = .

.rel.dyn        0x10005004        0x0
 .rel.iplt      0x10005004        0x0 C:/ARM/133167~1.3RE/bin/../lib/gcc/arm-none-eabi/13.3.1/thumb/v6-m/nofp/crtbegin.o
                0x10005004                        . = ALIGN (0x4)

.ram_vector_table
                0x20000000       0xc0
 *(.ram_vector_table)
 .ram_vector_table
                0x20000000       0xc0 CMakeFiles/proyecto-pico.dir/C_/pico/pico-sdk/src/rp2_common/pico_runtime_init/runtime_init.c.obj
                0x20000000                ram_vector_table

.uninitialized_data
                0x200000c0        0x0
                0x200000c0                        . = ALIGN (0x4)
 *(.uninitialized_data*)

.data           0x200000c0      0xfa8 load address 0x10005004
                0x200000c0                        __data_start__ = .
 *(vtable)
 *(.time_critical*)
 .time_critical.mutex_try_enter
                0x200000c0       0x40 CMakeFiles/proyecto-pico.dir/C_/pico/pico-sdk/src/common/pico_sync/mutex.c.obj
                0x200000c0                mutex_try_enter
 .time_critical.mutex_try_enter_block_until
                0x20000100       0x9c CMakeFiles/proyecto-pico.dir/C_/pico/pico-sdk/src/common/pico_sync/mutex.c.obj
                0x20000100                mutex_try_enter_block_until
 .time_critical.mutex_enter_timeout_ms
                0x2000019c       0x90 CMakeFiles/proyecto-pico.dir/C_/pico/pico-sdk/src/common/pico_sync/mutex.c.obj
                0x2000019c                mutex_enter_timeout_ms
 .time_critical.mutex_exit
                0x2000022c       0x28 CMakeFiles/proyecto-pico.dir/C_/pico/pico-sdk/src/common/pico_sync/mutex.c.obj
                0x2000022c                mutex_exit
 .time_critical.flash_init_boot2_copyout
                0x20000254       0x30 CMakeFiles/proyecto-pico.dir/C_/pico/pico-sdk/src/rp2_common/hardware_flash/flash.c.obj
 .time_critical.flash_enable_xip_via_boot2
                0x20000284        0xc CMakeFiles/proyecto-pico.dir/C_/pico/pico-sdk/src/rp2_common/hardware_flash/flash.c.obj
 .time_critical.flash_cs_force
                0x20000290       0x38 CMakeFiles/proyecto-pico.dir/C_/pico/pico-sdk/src/rp2_common/hardware_flash/flash.c.obj
 .time_critical.flash_do_cmd
                0x200002c8       0xc0 CMakeFiles/proyecto-pico.dir/C_/pico/pico-sdk/src/rp2_common/hardware_flash/flash.c.obj
                0x200002c8                flash_do_cmd
 .time_critical.reset_non_control_endpoints
                0x20000388       0x68 CMakeFiles/proyecto-pico.dir/C_/pico/pico-sdk/lib/tinyusb/src/portable/raspberrypi/rp2040/dcd_rp2040.c.obj
 .time_critical.hw_handle_buff_status
                0x200003f0       0xb0 CMakeFiles/proyecto-pico.dir/C_/pico/pico-sdk/lib/tinyusb/src/portable/raspberrypi/rp2040/dcd_rp2040.c.obj
 .time_critical.dcd_rp2040_irq
                0x200004a0      0x578 CMakeFiles/proyecto-pico.dir/C_/pico/pico-sdk/lib/tinyusb/src/portable/raspberrypi/rp2040/dcd_rp2040.c.obj
 .time_critical.prepare_ep_buffer
                0x20000a18       0xe0 CMakeFiles/proyecto-pico.dir/C_/pico/pico-sdk/lib/tinyusb/src/portable/raspberrypi/rp2040/rp2040_usb.c.obj
 .time_critical.sync_ep_buffer
                0x20000af8       0xa8 CMakeFiles/proyecto-pico.dir/C_/pico/pico-sdk/lib/tinyusb/src/portable/raspberrypi/rp2040/rp2040_usb.c.obj
 .time_critical._hw_endpoint_xfer_sync
                0x20000ba0       0x28 CMakeFiles/proyecto-pico.dir/C_/pico/pico-sdk/lib/tinyusb/src/portable/raspberrypi/rp2040/rp2040_usb.c.obj
 .time_critical.e15_is_bulkin_ep
                0x20000bc8       0x28 CMakeFiles/proyecto-pico.dir/C_/pico/pico-sdk/lib/tinyusb/src/portable/raspberrypi/rp2040/rp2040_usb.c.obj
 .time_critical.e15_is_critical_frame_period
                0x20000bf0       0x34 CMakeFiles/proyecto-pico.dir/C_/pico/pico-sdk/lib/tinyusb/src/portable/raspberrypi/rp2040/rp2040_usb.c.obj
 .time_critical.hw_endpoint_reset_transfer
                0x20000c24        0xc CMakeFiles/proyecto-pico.dir/C_/pico/pico-sdk/lib/tinyusb/src/portable/raspberrypi/rp2040/rp2040_usb.c.obj
                0x20000c24                hw_endpoint_reset_transfer
 .time_critical._hw_endpoint_buffer_control_update32
                0x20000c30       0x50 CMakeFiles/proyecto-pico.dir/C_/pico/pico-sdk/lib/tinyusb/src/portable/raspberrypi/rp2040/rp2040_usb.c.obj
                0x20000c30                _hw_endpoint_buffer_control_update32
 .time_critical.hw_endpoint_start_next_buffer
                0x20000c80       0x6c CMakeFiles/proyecto-pico.dir/C_/pico/pico-sdk/lib/tinyusb/src/portable/raspberrypi/rp2040/rp2040_usb.c.obj
                0x20000c80                hw_endpoint_start_next_buffer
 .time_critical.hw_endpoint_xfer_continue
                0x20000cec       0x40 CMakeFiles/proyecto-pico.dir/C_/pico/pico-sdk/lib/tinyusb/src/portable/raspberrypi/rp2040/rp2040_usb.c.obj
                0x20000cec                hw_endpoint_xfer_continue
 .time_critical.tinyusb
                0x20000d2c      0x1e4 CMakeFiles/proyecto-pico.dir/C_/pico/pico-sdk/lib/tinyusb/src/device/usbd.c.obj
                0x20000d2c                dcd_event_handler
 *(.text*)
 .text          0x20000f10        0x4 C:/ARM/133167~1.3RE/bin/../lib/gcc/arm-none-eabi/13.3.1/thumb/v6-m/nofp\libgcc.a(_dvmd_tls.o)
                0x20000f10                __aeabi_idiv0
                0x20000f10                __aeabi_ldiv0
 *fill*         0x20000f14        0x4 
 .text.__stub   0x20000f18       0x80 linker stubs
                0x20000f98                        . = ALIGN (0x4)
 *(.rodata*)
                0x20000f98                        . = ALIGN (0x4)
 *(.data*)
 .data.striped_spin_lock_num
                0x20000f98        0x1 CMakeFiles/proyecto-pico.dir/C_/pico/pico-sdk/src/rp2_common/hardware_sync/sync.c.obj
 *fill*         0x20000f99        0x3 
 .data          0x20000f9c       0x48 CMakeFiles/proyecto-pico.dir/C_/pico/pico-sdk/src/rp2_common/hardware_irq/irq_handler_chain.S.obj
                0x20000f9c                irq_handler_chain_slots
                0x20000fcc                irq_handler_chain_first_slot
                0x20000fd6                irq_handler_chain_remove_tail
 .data.default_alarm_pool
                0x20000fe4       0x18 CMakeFiles/proyecto-pico.dir/C_/pico/pico-sdk/src/common/pico_time/time.c.obj
 *fill*         0x20000ffc        0x4 
 .data.aeabi_bits_funcs
                0x20001000       0x10 CMakeFiles/proyecto-pico.dir/C_/pico/pico-sdk/src/rp2_common/pico_bit_ops/bit_ops_aeabi.S.obj
                0x20001000                aeabi_bits_funcs
                0x20001010                aeabi_bits_funcs_end
 .data.aeabi_mem_funcs
                0x20001010       0x10 CMakeFiles/proyecto-pico.dir/C_/pico/pico-sdk/src/rp2_common/pico_mem_ops/mem_ops_aeabi.S.obj
                0x20001010                aeabi_mem_funcs
                0x20001020                aeabi_mem_funcs_end
 .data.stdio_usb
                0x20001020       0x18 CMakeFiles/proyecto-pico.dir/C_/pico/pico-sdk/src/rp2_common/pico_stdio_usb/stdio_usb.c.obj
                0x20001020                stdio_usb
 .data._usbd_qdef
                0x20001038       0x1c CMakeFiles/proyecto-pico.dir/C_/pico/pico-sdk/lib/tinyusb/src/device/usbd.c.obj
                0x20001038                _usbd_qdef
 .data._usbd_rhport
                0x20001054        0x1 CMakeFiles/proyecto-pico.dir/C_/pico/pico-sdk/lib/tinyusb/src/device/usbd.c.obj
 *fill*         0x20001055        0x3 
 .data.i2c0_inst
                0x20001058        0x8 CMakeFiles/proyecto-pico.dir/C_/pico/pico-sdk/src/rp2_common/hardware_i2c/i2c.c.obj
                0x20001058                i2c0_inst
                0x20001060                        . = ALIGN (0x4)
 *(.after_data.*)
                0x20001060                        . = ALIGN (0x4)
                0x20001060                        PROVIDE (__mutex_array_start = .)
 *(SORT_BY_NAME(.mutex_array.*))
 *(.mutex_array)
 .mutex_array   0x20001060        0x8 CMakeFiles/proyecto-pico.dir/C_/pico/pico-sdk/src/rp2_common/pico_stdio/stdio.c.obj
                0x20001068                        PROVIDE (__mutex_array_end = .)
                0x20001068                        . = ALIGN (0x4)
 *(.jcr)
                0x20001068                        . = ALIGN (0x4)

.tm_clone_table
                0x20001068        0x0 load address 0x10005fac
 .tm_clone_table
                0x20001068        0x0 C:/ARM/133167~1.3RE/bin/../lib/gcc/arm-none-eabi/13.3.1/thumb/v6-m/nofp/crtbegin.o
 .tm_clone_table
                0x20001068        0x0 C:/ARM/133167~1.3RE/bin/../lib/gcc/arm-none-eabi/13.3.1/thumb/v6-m/nofp/crtend.o

.igot.plt       0x20001068        0x0 load address 0x10005fac
 .igot.plt      0x20001068        0x0 C:/ARM/133167~1.3RE/bin/../lib/gcc/arm-none-eabi/13.3.1/thumb/v6-m/nofp/crtbegin.o

.tdata          0x20001068        0x0 load address 0x10005fac
                0x20001068                        . = ALIGN (0x4)
 *(.tdata .tdata.* .gnu.linkonce.td.*)
                0x20001068                        __tdata_end = .
                0x20001068                        PROVIDE (__data_end__ = .)
                0x10005004                        __etext = LOADADDR (.data)

.tbss           0x20001068        0x0 load address 0x10005fac
                0x20001068                        . = ALIGN (0x4)
                0x20001068                        __bss_start__ = .
                0x20001068                        __tls_base = .
 *(.tbss .tbss.* .gnu.linkonce.tb.*)
 *(.tcommon)
                0x20001068                        __tls_end = .

.bss            0x20001068     0x146c load address 0x10005fac
                0x20001068                        . = ALIGN (0x4)
                0x20001068                        __tbss_end = .
 *(SORT_BY_ALIGNMENT(SORT_BY_NAME(.bss*)))
 .bss._vendord_itf
                0x20001068      0x2bc CMakeFiles/proyecto-pico.dir/C_/pico/pico-sdk/lib/tinyusb/src/class/vendor/vendor_device.c.obj
 *fill*         0x20001324        0x4 
 .bss.default_alarm_pool_entries
                0x20001328      0x180 CMakeFiles/proyecto-pico.dir/C_/pico/pico-sdk/src/common/pico_time/time.c.obj
 .bss.last_avail_time.1
                0x200014a8        0x8 CMakeFiles/proyecto-pico.dir/C_/pico/pico-sdk/src/rp2_common/pico_stdio_usb/stdio_usb.c.obj
 .bss.sd_table  0x200014b0      0x100 CMakeFiles/proyecto-pico.dir/C_/pico/pico-sdk/src/rp2_common/pico_double/double_init_rom_rp2040.c.obj
                0x200014b0                sd_table
 .bss._app_driver
                0x200015b0        0x4 CMakeFiles/proyecto-pico.dir/C_/pico/pico-sdk/lib/tinyusb/src/device/usbd.c.obj
 .bss._cdcd_fifo_cfg
                0x200015b4        0x1 CMakeFiles/proyecto-pico.dir/C_/pico/pico-sdk/lib/tinyusb/src/class/cdc/cdc_device.c.obj
 *fill*         0x200015b5        0x3 
 .bss._cdcd_itf
                0x200015b8      0x2c8 CMakeFiles/proyecto-pico.dir/C_/pico/pico-sdk/lib/tinyusb/src/class/cdc/cdc_device.c.obj
 .bss._ctrl_xfer
                0x20001880       0x14 CMakeFiles/proyecto-pico.dir/C_/pico/pico-sdk/lib/tinyusb/src/device/usbd_control.c.obj
 .bss._ubsd_mutexdef
                0x20001894        0x8 CMakeFiles/proyecto-pico.dir/C_/pico/pico-sdk/lib/tinyusb/src/device/usbd.c.obj
 .bss._usbd_ctrl_buf
                0x2000189c       0x40 CMakeFiles/proyecto-pico.dir/C_/pico/pico-sdk/lib/tinyusb/src/device/usbd_control.c.obj
 .bss._usbd_dev
                0x200018dc       0x54 CMakeFiles/proyecto-pico.dir/C_/pico/pico-sdk/lib/tinyusb/src/device/usbd.c.obj
 .bss._usbd_mutex
                0x20001930        0x4 CMakeFiles/proyecto-pico.dir/C_/pico/pico-sdk/lib/tinyusb/src/device/usbd.c.obj
 .bss._usbd_q   0x20001934        0x4 CMakeFiles/proyecto-pico.dir/C_/pico/pico-sdk/lib/tinyusb/src/device/usbd.c.obj
 .bss._usbd_qdef_buf
                0x20001938       0xc0 CMakeFiles/proyecto-pico.dir/C_/pico/pico-sdk/lib/tinyusb/src/device/usbd.c.obj
                0x20001938                _usbd_qdef_buf
 .bss.boot2_copyout
                0x200019f8      0x100 CMakeFiles/proyecto-pico.dir/C_/pico/pico-sdk/src/rp2_common/hardware_flash/flash.c.obj
 .bss.chars_available_callback
                0x20001af8        0x4 CMakeFiles/proyecto-pico.dir/C_/pico/pico-sdk/src/rp2_common/pico_stdio_usb/stdio_usb.c.obj
 .bss.chars_available_param
                0x20001afc        0x4 CMakeFiles/proyecto-pico.dir/C_/pico/pico-sdk/src/rp2_common/pico_stdio_usb/stdio_usb.c.obj
 .bss.claimed   0x20001b00        0x4 CMakeFiles/proyecto-pico.dir/C_/pico/pico-sdk/src/rp2_common/hardware_sync/sync.c.obj
 .bss.claimed   0x20001b04        0x1 CMakeFiles/proyecto-pico.dir/C_/pico/pico-sdk/src/rp2_common/hardware_timer/timer.c.obj
 *fill*         0x20001b05        0x3 
 .bss.configured_freq
                0x20001b08       0x28 CMakeFiles/proyecto-pico.dir/C_/pico/pico-sdk/src/rp2_common/hardware_clocks/clocks.c.obj
 .bss.desc_str.0
                0x20001b30       0x28 CMakeFiles/proyecto-pico.dir/C_/pico/pico-sdk/src/rp2_common/pico_stdio_usb/stdio_usb_descriptors.c.obj
 .bss.drivers   0x20001b58        0x4 CMakeFiles/proyecto-pico.dir/C_/pico/pico-sdk/src/rp2_common/pico_stdio/stdio.c.obj
 .bss.e15_last_sof
                0x20001b5c        0x4 CMakeFiles/proyecto-pico.dir/C_/pico/pico-sdk/lib/tinyusb/src/portable/raspberrypi/rp2040/rp2040_usb.c.obj
                0x20001b5c                e15_last_sof
 .bss.filter    0x20001b60        0x4 CMakeFiles/proyecto-pico.dir/C_/pico/pico-sdk/src/rp2_common/pico_stdio/stdio.c.obj
 .bss.hw_endpoints
                0x20001b64      0x400 CMakeFiles/proyecto-pico.dir/C_/pico/pico-sdk/lib/tinyusb/src/portable/raspberrypi/rp2040/dcd_rp2040.c.obj
 .bss.lazy_vsnprintf
                0x20001f64        0x4 CMakeFiles/proyecto-pico.dir/C_/pico/pico-sdk/src/rp2_common/pico_printf/printf.c.obj
 .bss.load_value
                0x20001f68        0x4 CMakeFiles/proyecto-pico.dir/C_/pico/pico-sdk/src/rp2_common/hardware_watchdog/watchdog.c.obj
 .bss.next_buffer_ptr
                0x20001f6c        0x4 CMakeFiles/proyecto-pico.dir/C_/pico/pico-sdk/lib/tinyusb/src/portable/raspberrypi/rp2040/dcd_rp2040.c.obj
 .bss.object.0  0x20001f70       0x18 C:/ARM/133167~1.3RE/bin/../lib/gcc/arm-none-eabi/13.3.1/thumb/v6-m/nofp/crtbegin.o
 .bss.oled_buffer
                0x20001f88      0x400 CMakeFiles/proyecto-pico.dir/src/oled.c.obj
                0x20001f88                oled_buffer
 .bss.one_shot_timer_crit_sec
                0x20002388        0x8 CMakeFiles/proyecto-pico.dir/C_/pico/pico-sdk/src/rp2_common/pico_stdio_usb/stdio_usb.c.obj
 .bss.pools     0x20002390       0x10 CMakeFiles/proyecto-pico.dir/C_/pico/pico-sdk/src/common/pico_time/time.c.obj
 .bss.retrieved_id
                0x200023a0        0x8 CMakeFiles/proyecto-pico.dir/C_/pico/pico-sdk/src/rp2_common/pico_unique_id/unique_id.c.obj
 .bss.sf_clz_func
                0x200023a8        0x4 CMakeFiles/proyecto-pico.dir/C_/pico/pico-sdk/src/rp2_common/pico_double/double_init_rom_rp2040.c.obj
                0x200023a8                sf_clz_func
 .bss.sf_table  0x200023ac      0x100 CMakeFiles/proyecto-pico.dir/C_/pico/pico-sdk/src/rp2_common/pico_float/float_init_rom_rp2040.c.obj
                0x200023ac                sf_table
 .bss.sleep_notifier
                0x200024ac        0x4 CMakeFiles/proyecto-pico.dir/C_/pico/pico-sdk/src/common/pico_time/time.c.obj
 .bss.stdio_usb_mutex
                0x200024b0        0x8 CMakeFiles/proyecto-pico.dir/C_/pico/pico-sdk/src/rp2_common/pico_stdio_usb/stdio_usb.c.obj
 .bss.usbd_serial_str
                0x200024b8       0x11 CMakeFiles/proyecto-pico.dir/C_/pico/pico-sdk/src/rp2_common/pico_stdio_usb/stdio_usb_descriptors.c.obj
 .bss._app_driver_count
                0x200024c9        0x1 CMakeFiles/proyecto-pico.dir/C_/pico/pico-sdk/lib/tinyusb/src/device/usbd.c.obj
 .bss._sof_enable
                0x200024ca        0x1 CMakeFiles/proyecto-pico.dir/C_/pico/pico-sdk/lib/tinyusb/src/portable/raspberrypi/rp2040/dcd_rp2040.c.obj
 .bss._usbd_queued_setup
                0x200024cb        0x1 CMakeFiles/proyecto-pico.dir/C_/pico/pico-sdk/lib/tinyusb/src/device/usbd.c.obj
 .bss.boot2_copyout_valid
                0x200024cc        0x1 CMakeFiles/proyecto-pico.dir/C_/pico/pico-sdk/src/rp2_common/hardware_flash/flash.c.obj
 .bss.irq_handler_chain_free_slot_head
                0x200024cd        0x1 CMakeFiles/proyecto-pico.dir/C_/pico/pico-sdk/src/rp2_common/hardware_irq/irq.c.obj
 .bss.itf_num   0x200024ce        0x1 CMakeFiles/proyecto-pico.dir/C_/pico/pico-sdk/src/rp2_common/pico_stdio_usb/reset_interface.c.obj
 .bss.low_priority_irq_num
                0x200024cf        0x1 CMakeFiles/proyecto-pico.dir/C_/pico/pico-sdk/src/rp2_common/pico_stdio_usb/stdio_usb.c.obj
 .bss.one_shot_timer_pending
                0x200024d0        0x1 CMakeFiles/proyecto-pico.dir/C_/pico/pico-sdk/src/rp2_common/pico_stdio_usb/stdio_usb.c.obj
 .bss.user_irq_claimed
                0x200024d1        0x1 CMakeFiles/proyecto-pico.dir/C_/pico/pico-sdk/src/rp2_common/hardware_irq/irq.c.obj
 *(COMMON)
                0x200024d4                        . = ALIGN (0x4)
 *fill*         0x200024d2        0x2 
                0x200024d4                        __bss_end__ = .

.heap           0x200024d4    0x3db2c load address 0x10005fac
                0x200024d4                        __end__ = .
                0x200024d4                        end = __end__
 *(.heap*)
 .heap          0x200024d4      0x800 CMakeFiles/proyecto-pico.dir/C_/pico/pico-sdk/src/rp2_common/pico_crt0/crt0.S.obj
                0x20040000                        . = (ORIGIN (RAM) + LENGTH (RAM))
 *fill*         0x20002cd4    0x3d32c 
                0x20040000                        __HeapLimit = .

.scratch_x      0x20040000        0x0 load address 0x10005fac
                0x20040000                        __scratch_x_start__ = .
 *(.scratch_x.*)
                0x20040000                        . = ALIGN (0x4)
                0x20040000                        __scratch_x_end__ = .
                0x10005fac                        __scratch_x_source__ = LOADADDR (.scratch_x)

.scratch_y      0x20041000        0x0 load address 0x10005fac
                0x20041000                        __scratch_y_start__ = .
 *(.scratch_y.*)
                0x20041000                        . = ALIGN (0x4)
                0x20041000                        __scratch_y_end__ = .
                0x10005fac                        __scratch_y_source__ = LOADADDR (.scratch_y)

.stack1_dummy
 *(.stack1*)

.stack_dummy    0x20041000      0x800
 *(.stack*)
 .stack         0x20041000      0x800 CMakeFiles/proyecto-pico.dir/C_/pico/pico-sdk/src/rp2_common/pico_crt0/crt0.S.obj

.flash_end      0x10005fac        0x0
 *(.embedded_end_block*)
                0x10005fac                        PROVIDE (__flash_binary_end = .)
                0x20040000                        __StackLimit = (ORIGIN (RAM) + LENGTH (RAM))
                0x20041000                        __StackOneTop = (ORIGIN (SCRATCH_X) + LENGTH (SCRATCH_X))
                0x20042000                        __StackTop = (ORIGIN (SCRATCH_Y) + LENGTH (SCRATCH_Y))
                0x20041000                        __StackOneBottom = (__StackOneTop - SIZEOF (.stack1_dummy))
                0x20041800                        __StackBottom = (__StackTop - SIZEOF (.stack_dummy))
                0x20042000                        PROVIDE (__stack = __StackTop)
                [!provide]                        PROVIDE (__heap_start = __end__)
                [!provide]                        PROVIDE (__heap_end = __HeapLimit)
                [!provide]                        PROVIDE (__tls_align = MAX (ALIGNOF (.tdata), ALIGNOF (.tbss)))
                [!provide]                        PROVIDE (__tls_size_align = (((__tls_size + __tls_align) - 0x1) & ~ ((__tls_align - 0x1))))
                [!provide]                        PROVIDE (__arm32_tls_tcb_offset = MAX (0x8, __tls_align))
                [!provide]                        PROVIDE (_end = __end__)
                [!provide]                        PROVIDE (__llvm_libc_heap_limit = __HeapLimit)
                0x00000001                        ASSERT ((__StackLimit >= __HeapLimit), region RAM overflowed)
                0x00000001                        ASSERT (((__binary_info_header_end - __logical_binary_start) <= 0x100), Binary info must be in first 256 bytes of the binary)
LOAD CMakeFiles/proyecto-pico.dir/src/main.c.obj
LOAD CMakeFiles/proyecto-pico.dir/src/oled.c.obj
LOAD CMakeFiles/proyecto-pico.dir/src/font.c.obj
LOAD CMakeFiles/proyecto-pico.dir/C_/pico/pico-sdk/src/rp2_common/pico_stdlib/stdlib.c.obj
LOAD CMakeFiles/proyecto-pico.dir/C_/pico/pico-sdk/src/rp2_common/hardware_gpio/gpio.c.obj
LOAD CMakeFiles/proyecto-pico.dir/C_/pico/pico-sdk/src/rp2040/pico_platform/platform.c.obj
LOAD CMakeFiles/proyecto-pico.dir/C_/pico/pico-sdk/src/rp2_common/pico_platform_panic/panic.c.obj
LOAD CMakeFiles/proyecto-pico.dir/C_/pico/pico-sdk/src/common/hardware_claim/claim.c.obj
LOAD CMakeFiles/proyecto-pico.dir/C_/pico/pico-sdk/src/rp2_common/hardware_sync/sync.c.obj
LOAD CMakeFiles/proyecto-pico.dir/C_/pico/pico-sdk/src/rp2_common/hardware_sync_spin_lock/sync_spin_lock.c.obj
LOAD CMakeFiles/proyecto-pico.dir/C_/pico/pico-sdk/src/rp2_common/hardware_irq/irq.c.obj
LOAD CMakeFiles/proyecto-pico.dir/C_/pico/pico-sdk/src/rp2_common/hardware_irq/irq_handler_chain.S.obj
LOAD CMakeFiles/proyecto-pico.dir/C_/pico/pico-sdk/src/common/pico_sync/sem.c.obj
LOAD CMakeFiles/proyecto-pico.dir/C_/pico/pico-sdk/src/common/pico_sync/lock_core.c.obj
LOAD CMakeFiles/proyecto-pico.dir/C_/pico/pico-sdk/src/common/pico_sync/mutex.c.obj
LOAD CMakeFiles/proyecto-pico.dir/C_/pico/pico-sdk/src/common/pico_sync/critical_section.c.obj
LOAD CMakeFiles/proyecto-pico.dir/C_/pico/pico-sdk/src/common/pico_time/time.c.obj
LOAD CMakeFiles/proyecto-pico.dir/C_/pico/pico-sdk/src/common/pico_time/timeout_helper.c.obj
LOAD CMakeFiles/proyecto-pico.dir/C_/pico/pico-sdk/src/rp2_common/hardware_timer/timer.c.obj
LOAD CMakeFiles/proyecto-pico.dir/C_/pico/pico-sdk/src/common/pico_util/datetime.c.obj
LOAD CMakeFiles/proyecto-pico.dir/C_/pico/pico-sdk/src/common/pico_util/pheap.c.obj
LOAD CMakeFiles/proyecto-pico.dir/C_/pico/pico-sdk/src/common/pico_util/queue.c.obj
LOAD CMakeFiles/proyecto-pico.dir/C_/pico/pico-sdk/src/rp2_common/hardware_uart/uart.c.obj
LOAD CMakeFiles/proyecto-pico.dir/C_/pico/pico-sdk/src/rp2_common/hardware_clocks/clocks.c.obj
LOAD CMakeFiles/proyecto-pico.dir/C_/pico/pico-sdk/src/rp2_common/hardware_pll/pll.c.obj
LOAD CMakeFiles/proyecto-pico.dir/C_/pico/pico-sdk/src/rp2_common/hardware_vreg/vreg.c.obj
LOAD CMakeFiles/proyecto-pico.dir/C_/pico/pico-sdk/src/rp2_common/hardware_watchdog/watchdog.c.obj
LOAD CMakeFiles/proyecto-pico.dir/C_/pico/pico-sdk/src/rp2_common/hardware_ticks/ticks.c.obj
LOAD CMakeFiles/proyecto-pico.dir/C_/pico/pico-sdk/src/rp2_common/hardware_xosc/xosc.c.obj
LOAD CMakeFiles/proyecto-pico.dir/C_/pico/pico-sdk/src/rp2_common/hardware_divider/divider.S.obj
LOAD CMakeFiles/proyecto-pico.dir/C_/pico/pico-sdk/src/rp2_common/pico_runtime/runtime.c.obj
LOAD CMakeFiles/proyecto-pico.dir/C_/pico/pico-sdk/src/rp2_common/pico_runtime_init/runtime_init.c.obj
LOAD CMakeFiles/proyecto-pico.dir/C_/pico/pico-sdk/src/rp2_common/pico_runtime_init/runtime_init_clocks.c.obj
LOAD CMakeFiles/proyecto-pico.dir/C_/pico/pico-sdk/src/rp2_common/pico_runtime_init/runtime_init_stack_guard.c.obj
LOAD CMakeFiles/proyecto-pico.dir/C_/pico/pico-sdk/src/rp2_common/pico_bit_ops/bit_ops_aeabi.S.obj
LOAD CMakeFiles/proyecto-pico.dir/C_/pico/pico-sdk/src/rp2_common/pico_bootrom/bootrom.c.obj
LOAD CMakeFiles/proyecto-pico.dir/C_/pico/pico-sdk/src/rp2_common/pico_bootrom/bootrom_lock.c.obj
LOAD CMakeFiles/proyecto-pico.dir/C_/pico/pico-sdk/src/rp2_common/hardware_boot_lock/boot_lock.c.obj
LOAD CMakeFiles/proyecto-pico.dir/C_/pico/pico-sdk/src/rp2_common/pico_divider/divider_hardware.S.obj
LOAD CMakeFiles/proyecto-pico.dir/C_/pico/pico-sdk/src/rp2_common/pico_double/double_aeabi_rp2040.S.obj
LOAD CMakeFiles/proyecto-pico.dir/C_/pico/pico-sdk/src/rp2_common/pico_double/double_init_rom_rp2040.c.obj
LOAD CMakeFiles/proyecto-pico.dir/C_/pico/pico-sdk/src/rp2_common/pico_double/double_math.c.obj
LOAD CMakeFiles/proyecto-pico.dir/C_/pico/pico-sdk/src/rp2_common/pico_double/double_v1_rom_shim_rp2040.S.obj
LOAD CMakeFiles/proyecto-pico.dir/C_/pico/pico-sdk/src/rp2_common/pico_int64_ops/pico_int64_ops_aeabi.S.obj
LOAD CMakeFiles/proyecto-pico.dir/C_/pico/pico-sdk/src/rp2_common/pico_float/float_aeabi_rp2040.S.obj
LOAD CMakeFiles/proyecto-pico.dir/C_/pico/pico-sdk/src/rp2_common/pico_float/float_init_rom_rp2040.c.obj
LOAD CMakeFiles/proyecto-pico.dir/C_/pico/pico-sdk/src/rp2_common/pico_float/float_math.c.obj
LOAD CMakeFiles/proyecto-pico.dir/C_/pico/pico-sdk/src/rp2_common/pico_float/float_v1_rom_shim_rp2040.S.obj
LOAD CMakeFiles/proyecto-pico.dir/C_/pico/pico-sdk/src/rp2_common/pico_malloc/malloc.c.obj
LOAD CMakeFiles/proyecto-pico.dir/C_/pico/pico-sdk/src/rp2_common/pico_mem_ops/mem_ops_aeabi.S.obj
LOAD CMakeFiles/proyecto-pico.dir/C_/pico/pico-sdk/src/rp2_common/pico_atomic/atomic.c.obj
LOAD CMakeFiles/proyecto-pico.dir/C_/pico/pico-sdk/src/rp2_common/pico_cxx_options/new_delete.cpp.obj
LOAD CMakeFiles/proyecto-pico.dir/C_/pico/pico-sdk/src/rp2_common/pico_standard_binary_info/standard_binary_info.c.obj
LOAD CMakeFiles/proyecto-pico.dir/C_/pico/pico-sdk/src/rp2_common/pico_printf/printf.c.obj
LOAD CMakeFiles/proyecto-pico.dir/C_/pico/pico-sdk/src/rp2_common/pico_crt0/crt0.S.obj
LOAD CMakeFiles/proyecto-pico.dir/C_/pico/pico-sdk/src/rp2_common/pico_clib_interface/newlib_interface.c.obj
LOAD CMakeFiles/proyecto-pico.dir/C_/pico/pico-sdk/src/rp2_common/pico_stdio/stdio.c.obj
LOAD CMakeFiles/proyecto-pico.dir/C_/pico/pico-sdk/src/rp2_common/pico_stdio_usb/reset_interface.c.obj
LOAD CMakeFiles/proyecto-pico.dir/C_/pico/pico-sdk/src/rp2_common/pico_stdio_usb/stdio_usb.c.obj
LOAD CMakeFiles/proyecto-pico.dir/C_/pico/pico-sdk/src/rp2_common/pico_stdio_usb/stdio_usb_descriptors.c.obj
LOAD CMakeFiles/proyecto-pico.dir/C_/pico/pico-sdk/src/rp2_common/pico_unique_id/unique_id.c.obj
LOAD CMakeFiles/proyecto-pico.dir/C_/pico/pico-sdk/src/rp2_common/hardware_flash/flash.c.obj
LOAD CMakeFiles/proyecto-pico.dir/C_/pico/pico-sdk/lib/tinyusb/src/portable/raspberrypi/rp2040/dcd_rp2040.c.obj
LOAD CMakeFiles/proyecto-pico.dir/C_/pico/pico-sdk/lib/tinyusb/src/portable/raspberrypi/rp2040/rp2040_usb.c.obj
LOAD CMakeFiles/proyecto-pico.dir/C_/pico/pico-sdk/lib/tinyusb/src/device/usbd.c.obj
LOAD CMakeFiles/proyecto-pico.dir/C_/pico/pico-sdk/lib/tinyusb/src/device/usbd_control.c.obj
LOAD CMakeFiles/proyecto-pico.dir/C_/pico/pico-sdk/lib/tinyusb/src/class/audio/audio_device.c.obj
LOAD CMakeFiles/proyecto-pico.dir/C_/pico/pico-sdk/lib/tinyusb/src/class/cdc/cdc_device.c.obj
LOAD CMakeFiles/proyecto-pico.dir/C_/pico/pico-sdk/lib/tinyusb/src/class/dfu/dfu_device.c.obj
LOAD CMakeFiles/proyecto-pico.dir/C_/pico/pico-sdk/lib/tinyusb/src/class/dfu/dfu_rt_device.c.obj
LOAD CMakeFiles/proyecto-pico.dir/C_/pico/pico-sdk/lib/tinyusb/src/class/hid/hid_device.c.obj
LOAD CMakeFiles/proyecto-pico.dir/C_/pico/pico-sdk/lib/tinyusb/src/class/midi/midi_device.c.obj
LOAD CMakeFiles/proyecto-pico.dir/C_/pico/pico-sdk/lib/tinyusb/src/class/msc/msc_device.c.obj
LOAD CMakeFiles/proyecto-pico.dir/C_/pico/pico-sdk/lib/tinyusb/src/class/net/ecm_rndis_device.c.obj
LOAD CMakeFiles/proyecto-pico.dir/C_/pico/pico-sdk/lib/tinyusb/src/class/net/ncm_device.c.obj
LOAD CMakeFiles/proyecto-pico.dir/C_/pico/pico-sdk/lib/tinyusb/src/class/usbtmc/usbtmc_device.c.obj
LOAD CMakeFiles/proyecto-pico.dir/C_/pico/pico-sdk/lib/tinyusb/src/class/vendor/vendor_device.c.obj
LOAD CMakeFiles/proyecto-pico.dir/C_/pico/pico-sdk/lib/tinyusb/src/class/video/video_device.c.obj
LOAD CMakeFiles/proyecto-pico.dir/C_/pico/pico-sdk/lib/tinyusb/src/tusb.c.obj
LOAD CMakeFiles/proyecto-pico.dir/C_/pico/pico-sdk/lib/tinyusb/src/common/tusb_fifo.c.obj
LOAD CMakeFiles/proyecto-pico.dir/C_/pico/pico-sdk/src/rp2_common/pico_fix/rp2040_usb_device_enumeration/rp2040_usb_device_enumeration.c.obj
LOAD CMakeFiles/proyecto-pico.dir/C_/pico/pico-sdk/src/rp2_common/hardware_i2c/i2c.c.obj
LOAD C:\Users\yaelr\AppData\Local\Temp\ccyHqfBk.o
LOAD C:/ARM/133167~1.3RE/bin/../lib/gcc/arm-none-eabi/13.3.1/thumb/v6-m/nofp\libstdc++.a
LOAD C:/ARM/133167~1.3RE/bin/../lib/gcc/arm-none-eabi/13.3.1/thumb/v6-m/nofp\libm.a
START GROUP
LOAD C:/ARM/133167~1.3RE/bin/../lib/gcc/arm-none-eabi/13.3.1/thumb/v6-m/nofp\libgcc.a
LOAD C:/ARM/133167~1.3RE/bin/../lib/gcc/arm-none-eabi/13.3.1/thumb/v6-m/nofp\libg.a
LOAD C:/ARM/133167~1.3RE/bin/../lib/gcc/arm-none-eabi/13.3.1/thumb/v6-m/nofp\libc.a
END GROUP
START GROUP
LOAD C:/ARM/133167~1.3RE/bin/../lib/gcc/arm-none-eabi/13.3.1/thumb/v6-m/nofp\libgcc.a
LOAD C:/ARM/133167~1.3RE/bin/../lib/gcc/arm-none-eabi/13.3.1/thumb/v6-m/nofp\libc.a
LOAD C:/ARM/133167~1.3RE/bin/../lib/gcc/arm-none-eabi/13.3.1/thumb/v6-m/nofp\libnosys.a
END GROUP
LOAD C:/ARM/133167~1.3RE/bin/../lib/gcc/arm-none-eabi/13.3.1/thumb/v6-m/nofp/crtend.o
LOAD C:/ARM/133167~1.3RE/bin/../lib/gcc/arm-none-eabi/13.3.1/thumb/v6-m/nofp/crtn.o
OUTPUT(proyecto-pico.elf elf32-littlearm)
LOAD linker stubs

.ARM.attributes
                0x00000000       0x28
 .ARM.attributes
                0x00000000       0x1e C:/ARM/133167~1.3RE/bin/../lib/gcc/arm-none-eabi/13.3.1/thumb/v6-m/nofp/crti.o
 .ARM.attributes
                0x0000001e       0x2c C:/ARM/133167~1.3RE/bin/../lib/gcc/arm-none-eabi/13.3.1/thumb/v6-m/nofp/crtbegin.o
 .ARM.attributes
                0x0000004a       0x2c CMakeFiles/proyecto-pico.dir/src/main.c.obj
 .ARM.attributes
                0x00000076       0x2c CMakeFiles/proyecto-pico.dir/src/oled.c.obj
 .ARM.attributes
                0x000000a2       0x2c CMakeFiles/proyecto-pico.dir/src/font.c.obj
 .ARM.attributes
                0x000000ce       0x2c CMakeFiles/proyecto-pico.dir/C_/pico/pico-sdk/src/rp2_common/hardware_gpio/gpio.c.obj
 .ARM.attributes
                0x000000fa       0x2c CMakeFiles/proyecto-pico.dir/C_/pico/pico-sdk/src/rp2040/pico_platform/platform.c.obj
 .ARM.attributes
                0x00000126       0x2c CMakeFiles/proyecto-pico.dir/C_/pico/pico-sdk/src/rp2_common/pico_platform_panic/panic.c.obj
 .ARM.attributes
                0x00000152       0x2c CMakeFiles/proyecto-pico.dir/C_/pico/pico-sdk/src/common/hardware_claim/claim.c.obj
 .ARM.attributes
                0x0000017e       0x2c CMakeFiles/proyecto-pico.dir/C_/pico/pico-sdk/src/rp2_common/hardware_sync/sync.c.obj
 .ARM.attributes
                0x000001aa       0x2c CMakeFiles/proyecto-pico.dir/C_/pico/pico-sdk/src/rp2_common/hardware_sync_spin_lock/sync_spin_lock.c.obj
 .ARM.attributes
                0x000001d6       0x2c CMakeFiles/proyecto-pico.dir/C_/pico/pico-sdk/src/rp2_common/hardware_irq/irq.c.obj
 .ARM.attributes
                0x00000202       0x22 CMakeFiles/proyecto-pico.dir/C_/pico/pico-sdk/src/rp2_common/hardware_irq/irq_handler_chain.S.obj
 .ARM.attributes
                0x00000224       0x2c CMakeFiles/proyecto-pico.dir/C_/pico/pico-sdk/src/common/pico_sync/lock_core.c.obj
 .ARM.attributes
                0x00000250       0x2c CMakeFiles/proyecto-pico.dir/C_/pico/pico-sdk/src/common/pico_sync/mutex.c.obj
 .ARM.attributes
                0x0000027c       0x2c CMakeFiles/proyecto-pico.dir/C_/pico/pico-sdk/src/common/pico_sync/critical_section.c.obj
 .ARM.attributes
                0x000002a8       0x2c CMakeFiles/proyecto-pico.dir/C_/pico/pico-sdk/src/common/pico_time/time.c.obj
 .ARM.attributes
                0x000002d4       0x2c CMakeFiles/proyecto-pico.dir/C_/pico/pico-sdk/src/rp2_common/hardware_timer/timer.c.obj
 .ARM.attributes
                0x00000300       0x2c CMakeFiles/proyecto-pico.dir/C_/pico/pico-sdk/src/rp2_common/hardware_clocks/clocks.c.obj
 .ARM.attributes
                0x0000032c       0x2c CMakeFiles/proyecto-pico.dir/C_/pico/pico-sdk/src/rp2_common/hardware_pll/pll.c.obj
 .ARM.attributes
                0x00000358       0x2c CMakeFiles/proyecto-pico.dir/C_/pico/pico-sdk/src/rp2_common/hardware_watchdog/watchdog.c.obj
 .ARM.attributes
                0x00000384       0x2c CMakeFiles/proyecto-pico.dir/C_/pico/pico-sdk/src/rp2_common/hardware_ticks/ticks.c.obj
 .ARM.attributes
                0x000003b0       0x2c CMakeFiles/proyecto-pico.dir/C_/pico/pico-sdk/src/rp2_common/hardware_xosc/xosc.c.obj
 .ARM.attributes
                0x000003dc       0x2c CMakeFiles/proyecto-pico.dir/C_/pico/pico-sdk/src/rp2_common/pico_runtime/runtime.c.obj
 .ARM.attributes
                0x00000408       0x2c CMakeFiles/proyecto-pico.dir/C_/pico/pico-sdk/src/rp2_common/pico_runtime_init/runtime_init.c.obj
 .ARM.attributes
                0x00000434       0x2c CMakeFiles/proyecto-pico.dir/C_/pico/pico-sdk/src/rp2_common/pico_runtime_init/runtime_init_clocks.c.obj
 .ARM.attributes
                0x00000460       0x22 CMakeFiles/proyecto-pico.dir/C_/pico/pico-sdk/src/rp2_common/pico_bit_ops/bit_ops_aeabi.S.obj
 .ARM.attributes
                0x00000482       0x2c CMakeFiles/proyecto-pico.dir/C_/pico/pico-sdk/src/rp2_common/pico_bootrom/bootrom.c.obj
 .ARM.attributes
                0x000004ae       0x22 CMakeFiles/proyecto-pico.dir/C_/pico/pico-sdk/src/rp2_common/pico_divider/divider_hardware.S.obj
 .ARM.attributes
                0x000004d0       0x22 CMakeFiles/proyecto-pico.dir/C_/pico/pico-sdk/src/rp2_common/pico_double/double_aeabi_rp2040.S.obj
 .ARM.attributes
                0x000004f2       0x2c CMakeFiles/proyecto-pico.dir/C_/pico/pico-sdk/src/rp2_common/pico_double/double_init_rom_rp2040.c.obj
 .ARM.attributes
                0x0000051e       0x22 CMakeFiles/proyecto-pico.dir/C_/pico/pico-sdk/src/rp2_common/pico_double/double_v1_rom_shim_rp2040.S.obj
 .ARM.attributes
                0x00000540       0x22 CMakeFiles/proyecto-pico.dir/C_/pico/pico-sdk/src/rp2_common/pico_int64_ops/pico_int64_ops_aeabi.S.obj
 .ARM.attributes
                0x00000562       0x22 CMakeFiles/proyecto-pico.dir/C_/pico/pico-sdk/src/rp2_common/pico_float/float_aeabi_rp2040.S.obj
 .ARM.attributes
                0x00000584       0x2c CMakeFiles/proyecto-pico.dir/C_/pico/pico-sdk/src/rp2_common/pico_float/float_init_rom_rp2040.c.obj
 .ARM.attributes
                0x000005b0       0x22 CMakeFiles/proyecto-pico.dir/C_/pico/pico-sdk/src/rp2_common/pico_mem_ops/mem_ops_aeabi.S.obj
 .ARM.attributes
                0x000005d2       0x2c CMakeFiles/proyecto-pico.dir/C_/pico/pico-sdk/src/rp2_common/pico_standard_binary_info/standard_binary_info.c.obj
 .ARM.attributes
                0x000005fe       0x2c CMakeFiles/proyecto-pico.dir/C_/pico/pico-sdk/src/rp2_common/pico_printf/printf.c.obj
 .ARM.attributes
                0x0000062a       0x22 CMakeFiles/proyecto-pico.dir/C_/pico/pico-sdk/src/rp2_common/pico_crt0/crt0.S.obj
 .ARM.attributes
                0x0000064c       0x2c CMakeFiles/proyecto-pico.dir/C_/pico/pico-sdk/src/rp2_common/pico_clib_interface/newlib_interface.c.obj
 .ARM.attributes
                0x00000678       0x2c CMakeFiles/proyecto-pico.dir/C_/pico/pico-sdk/src/rp2_common/pico_stdio/stdio.c.obj
 .ARM.attributes
                0x000006a4       0x2c CMakeFiles/proyecto-pico.dir/C_/pico/pico-sdk/src/rp2_common/pico_stdio_usb/reset_interface.c.obj
 .ARM.attributes
                0x000006d0       0x2c CMakeFiles/proyecto-pico.dir/C_/pico/pico-sdk/src/rp2_common/pico_stdio_usb/stdio_usb.c.obj
 .ARM.attributes
                0x000006fc       0x2c CMakeFiles/proyecto-pico.dir/C_/pico/pico-sdk/src/rp2_common/pico_stdio_usb/stdio_usb_descriptors.c.obj
 .ARM.attributes
                0x00000728       0x2c CMakeFiles/proyecto-pico.dir/C_/pico/pico-sdk/src/rp2_common/pico_unique_id/unique_id.c.obj
 .ARM.attributes
                0x00000754       0x2c CMakeFiles/proyecto-pico.dir/C_/pico/pico-sdk/src/rp2_common/hardware_flash/flash.c.obj
 .ARM.attributes
                0x00000780       0x2c CMakeFiles/proyecto-pico.dir/C_/pico/pico-sdk/lib/tinyusb/src/portable/raspberrypi/rp2040/dcd_rp2040.c.obj
 .ARM.attributes
                0x000007ac       0x2c CMakeFiles/proyecto-pico.dir/C_/pico/pico-sdk/lib/tinyusb/src/portable/raspberrypi/rp2040/rp2040_usb.c.obj
 .ARM.attributes
                0x000007d8       0x2c CMakeFiles/proyecto-pico.dir/C_/pico/pico-sdk/lib/tinyusb/src/device/usbd.c.obj
 .ARM.attributes
                0x00000804       0x2c CMakeFiles/proyecto-pico.dir/C_/pico/pico-sdk/lib/tinyusb/src/device/usbd_control.c.obj
 .ARM.attributes
                0x00000830       0x2c CMakeFiles/proyecto-pico.dir/C_/pico/pico-sdk/lib/tinyusb/src/class/cdc/cdc_device.c.obj
 .ARM.attributes
                0x0000085c       0x2c CMakeFiles/proyecto-pico.dir/C_/pico/pico-sdk/lib/tinyusb/src/class/vendor/vendor_device.c.obj
 .ARM.attributes
                0x00000888       0x2c CMakeFiles/proyecto-pico.dir/C_/pico/pico-sdk/lib/tinyusb/src/tusb.c.obj
 .ARM.attributes
                0x000008b4       0x2c CMakeFiles/proyecto-pico.dir/C_/pico/pico-sdk/lib/tinyusb/src/common/tusb_fifo.c.obj
 .ARM.attributes
                0x000008e0       0x2c CMakeFiles/proyecto-pico.dir/C_/pico/pico-sdk/src/rp2_common/hardware_i2c/i2c.c.obj
 .ARM.attributes
                0x0000090c       0x22 C:\Users\yaelr\AppData\Local\Temp\ccyHqfBk.o
 .ARM.attributes
                0x0000092e       0x1e C:/ARM/133167~1.3RE/bin/../lib/gcc/arm-none-eabi/13.3.1/thumb/v6-m/nofp\libgcc.a(_dvmd_tls.o)
 .ARM.attributes
                0x0000094c       0x2c C:/ARM/133167~1.3RE/bin/../lib/gcc/arm-none-eabi/13.3.1/thumb/v6-m/nofp\libg.a(libc_a-strlen-stub.o)
 .ARM.attributes
                0x00000978       0x2c C:/ARM/133167~1.3RE/bin/../lib/gcc/arm-none-eabi/13.3.1/thumb/v6-m/nofp/crtend.o

.comment        0x00000000       0x45
 .comment       0x00000000       0x45 CMakeFiles/proyecto-pico.dir/src/main.c.obj
                                 0x46 (size before relaxing)
 .comment       0x00000045       0x46 CMakeFiles/proyecto-pico.dir/src/oled.c.obj
 .comment       0x00000045       0x46 CMakeFiles/proyecto-pico.dir/src/font.c.obj
 .comment       0x00000045       0x46 CMakeFiles/proyecto-pico.dir/C_/pico/pico-sdk/src/rp2_common/hardware_gpio/gpio.c.obj
 .comment       0x00000045       0x46 CMakeFiles/proyecto-pico.dir/C_/pico/pico-sdk/src/rp2040/pico_platform/platform.c.obj
 .comment       0x00000045       0x46 CMakeFiles/proyecto-pico.dir/C_/pico/pico-sdk/src/rp2_common/pico_platform_panic/panic.c.obj
 .comment       0x00000045       0x46 CMakeFiles/proyecto-pico.dir/C_/pico/pico-sdk/src/common/hardware_claim/claim.c.obj
 .comment       0x00000045       0x46 CMakeFiles/proyecto-pico.dir/C_/pico/pico-sdk/src/rp2_common/hardware_sync/sync.c.obj
 .comment       0x00000045       0x46 CMakeFiles/proyecto-pico.dir/C_/pico/pico-sdk/src/rp2_common/hardware_sync_spin_lock/sync_spin_lock.c.obj
 .comment       0x00000045       0x46 CMakeFiles/proyecto-pico.dir/C_/pico/pico-sdk/src/rp2_common/hardware_irq/irq.c.obj
 .comment       0x00000045       0x46 CMakeFiles/proyecto-pico.dir/C_/pico/pico-sdk/src/common/pico_sync/lock_core.c.obj